0.0
0.0
0.0
0.0
0.0
0.0
0.0
0.0
0.0
0.0
0.0
23.132741228718352
9.05354803115023
23.132741228718352
26.417123955457246
