0.0
0.0
0.0
0.0
0.0
0.0
0.0
0.0
1.0
12.0
8.0
3.5
4.5

0.0
0.0
0.0
0.0
0.0
0.0
0.0