POLYGON EMPTY
POLYGON((30 10,10 20,20 40,40 40,30 10))
POLYGON((1 1,1 3,3 3,3 1,1 1))
POLYGON EMPTY
POLYGON EMPTY
POLYGON EMPTY
POLYGON((0 0,0 10,10 10,10 0,0 0),(2 2,4 2,4 4,2 4,2 2))
POLYGON EMPTY
POLYGON EMPTY
POLYGON EMPTY
MULTIPOLYGON(((20 35,45 20,30 5,10 10,10 30,20 35),(30 20,20 25,20 15,30 20)),((40 40,45 30,20 45,40 40)))
POLYGON EMPTY
POLYGON EMPTY
POLYGON EMPTY
POLYGON EMPTY
POLYGON EMPTY
POLYGON EMPTY
POLYGON EMPTY
POLYGON EMPTY
POLYGON((1 1,1 2,2 2,2 1,1 1))
POLYGON((0 0,0 4,2 2,4 4,4 0,0 0))
POLYGON((0 0,0 4,4 4,0 0))
POLYGON((0 0,-2 3,1 1,1 -1,0 0))
MULTIPOLYGON(((0 0,-2 3,1 1,1 -1,0 0)),((1 1,1 2,2 2,2 1,1 1)))
POLYGON EMPTY

POLYGON EMPTY
POLYGON EMPTY
POLYGON EMPTY
POLYGON EMPTY
POLYGON EMPTY
POLYGON EMPTY