POINT(1 8)
POINT(2 2.5)
POINT(1.29289321881345 2.08578643762691)
POINT(1.35913547665487 6.07740642996462)
POINT(2 2.5)
POINT(1.5 1.5)






POINT(1 8)
POINT(2 2.5)
POINT(3 4)
POINT(1.29289321881345 2.08578643762691)
POINT(1.39247962823049 2.04453639621833)
POINT(1.35913547665487 6.07740642996462)
POINT(1.41801960972814 6.82792156108742)
POINT(2 2.5)
POINT(1.5 1.5)
POINT(2 1.55555555555556)
POINT(1.33333333333333 2.66666666666667)
POINT(-0.0476190476190476 0.952380952380952)
POINT(0.296296296296296 1.07407407407407)






POINT(97.1679903604833 104.965821887125)
