POINT(30 10)
POLYGON((30 10,10 20,20 40,40 40,30 10))
LINESTRING(1 2,5 6)
POLYGON((1 1,1 3,3 3,3 1,1 1))
POLYGON((1 1,1 3,2 3.5,2 1,1 1))
LINESTRING(0 0,0 2)
POLYGON((77.29 29.07,77.27 29.31,77.42 29.26,77.29 29.07))
POLYGON((0 0,0 10,10 10,10 0,0 0))
POLYGON((0 0,0 2,1 2,1 0,0 0))
POLYGON((0 0,0 2,1 2,1 0,0 0))
POLYGON((8 36,-5 45,1 49,15 41,8 36))
POLYGON((30 5,10 10,10 30,20 45,40 40,45 30,45 20,30 5))
LINESTRING(1 1,0 0)
POLYGON((1 -2,-2 1.5,1 3,2.5 3,1 -2))
POLYGON((0 0,0 10,10 10,10 0,0 0))
