POINT(1 8)
LINESTRING(1 1,3 4)
POLYGON((1 1,1 2,2 3,1 1))
POLYGON((1 1,1 9,2 4,1 1))
LINESTRING(1 1,3 4)
POLYGON((1 1,1 2,2 2,2 1,1 1))
LINESTRING EMPTY
POLYGON EMPTY
MULTIPOINT EMPTY
MULTILINESTRING EMPTY
MULTIPOLYGON EMPTY
GEOMETRYCOLLECTION EMPTY
POINT(1 8)
LINESTRING(1 1,3 4)
POINT(3 4)
POLYGON((1 1,1 2,2 3,1 1))
POLYGON((1 1,1 2,2 3,1 1))
POLYGON((1 1,1 9,2 4,1 1))
POLYGON((2 4,1 8,1 9,2 4))
LINESTRING(1 1,3 4)
POLYGON((1 1,1 2,2 2,2 1,1 1))
POLYGON((0 0,0 4,4 4,4 0,0 0))
POLYGON((0 0,0 4,4 4,0 0))
POLYGON((1 -1,0 0,-2 3,1 1,1 -1))
POLYGON((1 -1,0 0,-2 3,2 2,2 1,1 -1))
LINESTRING EMPTY
POLYGON EMPTY
MULTIPOINT EMPTY
MULTILINESTRING EMPTY
MULTIPOLYGON EMPTY
GEOMETRYCOLLECTION EMPTY
POLYGON((130 10,50 60,10 150,90 190,120 190,190 50,130 10))
