POLYGON((-12.5676 -17.7897,-12.5676 96.193504,80.335055 96.193504,80.335055 -17.7897,-12.5676 -17.7897))