LINESTRING EMPTY
POLYGON EMPTY
MULTIPOINT EMPTY
MULTILINESTRING EMPTY
MULTIPOLYGON EMPTY
POINT(30 10)
POLYGON((30 10,40 40,20 40,10 20,30 10))
POLYGON((1 2,3 4,5 6,1 2))
POLYGON((1 1,3 1,3 3,1 3,1 1))
LINESTRING(1 1,2 2,2 3.5,1 3,1 2,2 1)
LINESTRING(0 0,0 2)
LINESTRING(77.29 29.07,77.42 29.26,77.27 29.31,77.29 29.07)
POLYGON((0 0,0 1,1 1,1 0,0 0),(0 1,1 1,1 2,0 2,0 1))
POLYGON((0 0,2 0,2 2,0 2,0 0),(1 0,3 0,3 2,1 2,1 0))
MULTIPOINT(1 2,2 3)
MULTIPOINT(1 2,2 3,1 2,4 6)
MULTILINESTRING((1 1,1 2),(2 4,1 9,1 8))
MULTILINESTRING((1 1,1 2),(1 1,1 2))
MULTIPOLYGON(((0 0,2 0,2 2,0 2,0 0)),((1 0,3 0,3 2,1 2,1 0)))
MULTIPOLYGON(((0 0,4 0,4 4,0 4,0 0)),((1 8,2 8,2 9,1 9,1 8)),((6 6,6 12,12 12,12 6,6 6),(7 7,7 8,8 8,8 7,7 7)))
MULTIPOINT(1 2,2 3,1 2,4 6,2 2,1 6)
POLYGON((1 1,2 6,3 7,8 9,2 4,3 5,7 9,2 5,1 1))
LINESTRING(1 2,2 3,1 2,4 6,2 2,1 6)
CIRCULARSTRING(0 0,1 1,2 0)
MULTICURVE((0 0,5 5),CIRCULARSTRING(4 0,4 4,8 4))
COMPOUNDCURVE(CIRCULARSTRING(0 0,1 1,1 0),(1 0,0 1))
COMPOUNDCURVE(CIRCULARSTRING(2 0,3 3,3 0),(3 0,2 0))
CURVEPOLYGON(CIRCULARSTRING(7 0,9 0,9 4,7 4,7 0),(7 0,9 0,8 2,7 0))
CURVEPOLYGON(CIRCULARSTRING(7 0,9 0,9 4,7 4,7 0),(5 0,9 0,8 2,5 0))
CURVEPOLYGON(CIRCULARSTRING(0 0,4 0,4 4,0 4,0 0),CIRCULARSTRING(0 0,1 0,1 1,0 1,0 0))
CURVEPOLYGON(CIRCULARSTRING(0 0,4 0,4 4,0 4,0 0),CIRCULARSTRING(-1 0,0 0,0 1,-1 1,-1 0))
MULTISURFACE(CURVEPOLYGON(CIRCULARSTRING(0 0,4 0,4 4,0 4,0 0),(1 1,3 3,3 1,1 1)),((7 5,11 7,8 5,7 5),(8 6,8.5 6,8 6.5,8 6)))
MULTISURFACE(CURVEPOLYGON(CIRCULARSTRING(0 0,4 0,4 4,0 4,0 0),(-6 1,3 3,3 1,-6 1)),((7 5,11 7,8 5,7 5),(8 6,8.5 6,8 6.5,8 6)))
CIRCULARSTRING(0 0,1 6,2 0)
COMPOUNDCURVE(CIRCULARSTRING(0 0,1 6,1 0),(1 0,3 7))
GEOMETRYCOLLECTION(LINESTRING(90 190,120 190,50 60,130 10,190 50,160 90,10 150,90 190),POINT(90 190))
MULTIPOLYGON(((1 1,1 2,2 2,2 1,1 1)),((0 0,1 -1,1 1,-2 3,0 0)))
