ST_LineString
ST_Polygon
ST_MultiPoint
ST_MultiLineString
ST_MultiPolygon
ST_GeometryCollection
ST_Point
ST_Polygon
ST_Polygon
ST_Polygon
ST_Polygon
ST_Polygon
ST_LineString
ST_LineString
ST_LineString
ST_MultiPoint
ST_MultiPoint
ST_MultiLineString
ST_MultiLineString
ST_MultiPolygon
ST_MultiPolygon
ST_GeometryCollection
ST_GeometryCollection