POINT(125.6 10.1)
 LINESTRING(102 0,103 1,104 0,105 1)
 POLYGON((100 0,101 0,101 1,100 1,100 0))
 POINT(1 8)
 MULTIPOINT(1 1,3 4)
 MULTIPOINT(3 4)
 LINESTRING(1 1,1 2,2 3)
 LINESTRING(1 1,1 2,2 3,1 1)
 MULTILINESTRING((1 1,1 2),(2 4,1 9,1 8))
 MULTILINESTRING((2 4,1 9,1 8))
 MULTILINESTRING((1 1,3 4,1 1))
 POLYGON((1 1,1 2,2 2,2 1,1 1))
 POLYGON((0 0,0 4,2 2,4 4,4 0,0 0))
 POLYGON((0 0,0 4,4 4,0 0))
 MULTIPOLYGON(((0 0,1 -1,1 1,-2 3,0 0)))
 MULTIPOLYGON(((1 1,1 2,2 2,2 1,1 1)),((0 0,1 -1,1 1,-2 3,0 0)))
 GEOMETRYCOLLECTION(LINESTRING(90 190,120 190,50 60,130 10,190 50,160 90,10 150,90 190),POINT(90 190))