ST_CircularString
ST_MultiCurve
ST_MultiCurve
ST_CompoundCurve
ST_CompoundCurve
ST_CurvePolygon
ST_CurvePolygon
ST_CurvePolygon
ST_CurvePolygon
ST_MultiSurface
ST_MultiSurface