t
 t
 f
 t
 f
 t
 t
 
 t
 t
 t
 t
 t
 t
 t
 t
 f
 t
 t
 t
 t
 f
 f
 f