POLYGON((2 8,8 8,8 2,2 2,2 8))
POLYGON((3 3,2 2,2 3,3 3))
POLYGON((2 2,2 3,3 3,2 2))
GEOMETRYCOLLECTION EMPTY
POINT(5 5)
GEOMETRYCOLLECTION EMPTY
GEOMETRYCOLLECTION EMPTY
GEOMETRYCOLLECTION EMPTY
GEOMETRYCOLLECTION EMPTY
POINT(7.5 7.5)
POINT(1 8)
GEOMETRYCOLLECTION EMPTY
GEOMETRYCOLLECTION EMPTY
MULTIPOINT(1 1,3 4)
GEOMETRYCOLLECTION EMPTY
GEOMETRYCOLLECTION EMPTY
GEOMETRYCOLLECTION EMPTY
POINT(1 8)
POINT(3 4)
POINT(1 1)
POINT(1 1)
POINT(1 1)
POINT(1 8)
GEOMETRYCOLLECTION EMPTY
GEOMETRYCOLLECTION EMPTY
MULTIPOINT(1 1,3 4)
GEOMETRYCOLLECTION EMPTY
GEOMETRYCOLLECTION EMPTY
GEOMETRYCOLLECTION EMPTY
GEOMETRYCOLLECTION EMPTY
POINT(1 1)
POINT(1 1)
MULTIPOINT(1 1,3 4)
POINT(1 1)
GEOMETRYCOLLECTION EMPTY
POINT(1 1)
LINESTRING EMPTY
POLYGON EMPTY
MULTIPOINT EMPTY
MULTILINESTRING EMPTY
LINESTRING EMPTY
POLYGON EMPTY
MULTIPOINT EMPTY
MULTILINESTRING EMPTY
MULTIPOLYGON EMPTY
GEOMETRYCOLLECTION EMPTY
MULTIPOLYGON EMPTY
GEOMETRYCOLLECTION EMPTY
GEOMETRYCOLLECTION EMPTY
GEOMETRYCOLLECTION EMPTY
GEOMETRYCOLLECTION EMPTY
POINT(3 4)
GEOMETRYCOLLECTION EMPTY
POINT(1 1)
GEOMETRYCOLLECTION EMPTY
POINT(1 1)
POINT(1 8)
POINT(1 1)
POINT(3 4)
GEOMETRYCOLLECTION EMPTY
GEOMETRYCOLLECTION EMPTY
GEOMETRYCOLLECTION EMPTY
GEOMETRYCOLLECTION EMPTY
MULTILINESTRING((1 1,1 2),(1 2,2 3))
MULTILINESTRING((1 1,1 2),(1 2,2 3))
LINESTRING(1 1,1 2)
GEOMETRYCOLLECTION EMPTY
MULTILINESTRING((1 1,1 2),(1 2,2 3))
MULTILINESTRING((1 1,1 2),(1 2,2 3),(2 3,1 1))
LINESTRING(1 1,1 2)
GEOMETRYCOLLECTION EMPTY
LINESTRING(1 1,1 2)
LINESTRING(1 1,1 2)
MULTILINESTRING((1 1,1 2),(2 4,1 9),(1 9,1 8))
GEOMETRYCOLLECTION EMPTY
POINT(3 4)
GEOMETRYCOLLECTION EMPTY
POINT(1 1)
GEOMETRYCOLLECTION EMPTY
POINT(1 1)
MULTILINESTRING((2 4,1 9),(1 9,1 8))
POINT(1 1)
GEOMETRYCOLLECTION EMPTY
GEOMETRYCOLLECTION EMPTY
POINT(3 4)
GEOMETRYCOLLECTION EMPTY
LINESTRING(1 1,1 2)
LINESTRING(1 1,1 2,1.5 2.5)
LINESTRING(1 1,1 2,2 3)
POINT(1 1)
MULTILINESTRING((1 1,1 2),(1.5 2,1 1))
MULTILINESTRING((1 1,1 2,1.5 2.5),(1.66666666666667 2.33333333333333,1 1))
LINESTRING(1 1,1 2,2 3,1 1)
POINT(1 1)
LINESTRING(1 1,1 2)
LINESTRING(1 1,1 2)
GEOMETRYCOLLECTION(POINT(2 4),LINESTRING(1 1,1 2))
POINT(1 1)
GEOMETRYCOLLECTION EMPTY
LINESTRING(1 1,1 2)
MULTILINESTRING((1 1,1 2),(1.5 2,1 1))
LINESTRING(1 1,1 2)
LINESTRING EMPTY
POLYGON EMPTY
MULTIPOINT EMPTY
MULTILINESTRING EMPTY
LINESTRING EMPTY
POLYGON EMPTY
MULTIPOINT EMPTY
MULTILINESTRING EMPTY
LINESTRING EMPTY
POLYGON EMPTY
MULTIPOINT EMPTY
MULTILINESTRING EMPTY
LINESTRING EMPTY
POLYGON EMPTY
MULTIPOINT EMPTY
MULTILINESTRING EMPTY
MULTIPOLYGON EMPTY
GEOMETRYCOLLECTION EMPTY
MULTIPOLYGON EMPTY
GEOMETRYCOLLECTION EMPTY
MULTIPOLYGON EMPTY
GEOMETRYCOLLECTION EMPTY
MULTIPOLYGON EMPTY
GEOMETRYCOLLECTION EMPTY
GEOMETRYCOLLECTION EMPTY
GEOMETRYCOLLECTION EMPTY
GEOMETRYCOLLECTION EMPTY
GEOMETRYCOLLECTION EMPTY
POINT(1 8)
GEOMETRYCOLLECTION EMPTY
GEOMETRYCOLLECTION EMPTY
MULTIPOINT(1 1,3 4)
GEOMETRYCOLLECTION EMPTY
GEOMETRYCOLLECTION EMPTY
GEOMETRYCOLLECTION EMPTY
MULTILINESTRING((2 4,1 9),(1 9,1 8))
POINT(3 4)
POINT(1 1)
POINT(1 1)
POINT(1 1)
MULTILINESTRING((2 4,1 9),(1 9,1 8))
GEOMETRYCOLLECTION EMPTY
GEOMETRYCOLLECTION EMPTY
LINESTRING(1 1,3 4)
GEOMETRYCOLLECTION EMPTY
GEOMETRYCOLLECTION EMPTY
POINT(2 4)
GEOMETRYCOLLECTION EMPTY
LINESTRING(1 1,1.66666666666667 2)
LINESTRING(1 1,1.8 2.2)
LINESTRING(1 1,3 4)
POINT(1 1)
GEOMETRYCOLLECTION EMPTY
LINESTRING(1 1,1.66666666666667 2)
LINESTRING EMPTY
POLYGON EMPTY
MULTIPOINT EMPTY
MULTILINESTRING EMPTY
LINESTRING EMPTY
POLYGON EMPTY
MULTIPOINT EMPTY
MULTILINESTRING EMPTY
MULTIPOLYGON EMPTY
GEOMETRYCOLLECTION EMPTY
MULTIPOLYGON EMPTY
GEOMETRYCOLLECTION EMPTY
GEOMETRYCOLLECTION EMPTY
GEOMETRYCOLLECTION EMPTY
GEOMETRYCOLLECTION EMPTY
POINT(1 1)
GEOMETRYCOLLECTION EMPTY
POINT(1 1)
GEOMETRYCOLLECTION EMPTY
MULTIPOINT(1 1,3 4)
GEOMETRYCOLLECTION EMPTY
POINT(1 1)
GEOMETRYCOLLECTION EMPTY
LINESTRING(1 1,1 2)
MULTILINESTRING((1 1,1 2),(1.5 2,1 1))
LINESTRING(1 1,1 2)
GEOMETRYCOLLECTION EMPTY
LINESTRING(1 1,1 2,1.5 2.5)
MULTILINESTRING((1 1,1 2,1.5 2.5),(1.66666666666667 2.33333333333333,1 1))
LINESTRING(1 1,1 2)
POINT(3 4)
LINESTRING(1 1,1 2,2 3)
LINESTRING(1 1,1 2,2 3,1 1)
GEOMETRYCOLLECTION(POINT(2 4),LINESTRING(1 1,1 2))
GEOMETRYCOLLECTION EMPTY
POINT(1 1)
POINT(1 1)
POINT(1 1)
GEOMETRYCOLLECTION EMPTY
LINESTRING(1 1,1.66666666666667 2)
GEOMETRYCOLLECTION EMPTY
LINESTRING(1 1,1.8 2.2)
POINT(2 4)
LINESTRING(1 1,3 4)
GEOMETRYCOLLECTION EMPTY
POINT(1 1)
POLYGON((1 1,1 2,2 2,2 1,1 1))
POLYGON((1 1,1 2,2 2,2 1,1 1))
POLYGON((1 1,1 2,2 2,1 1))
POINT(1 1)
POLYGON((1 1,1 2,2 2,2 1,1 1))
POLYGON((0 0,0 4,2 2,4 4,4 0,0 0))
GEOMETRYCOLLECTION(LINESTRING(2 2,4 4),POLYGON((0 0,0 4,2 2,0 0)))
POLYGON((0 0,0 1.66666666666667,1 1,1 0,0 0))
POLYGON((2 2,1 1,1 2,2 2))
GEOMETRYCOLLECTION(LINESTRING(4 4,2 2),POLYGON((0 0,0 4,2 2,0 0)))
POLYGON((0 0,0 4,4 4,0 0))
POLYGON((0 0,0 1.66666666666667,1 1,0 0))
POINT(1 1)
POLYGON((0 1.66666666666667,1 1,1 0,0 0,0 1.66666666666667))
POLYGON((0 1.66666666666667,1 1,0 0,0 1.66666666666667))
POLYGON((1 -1,0 0,-2 3,1 1,1 -1))
POLYGON((1 1,1 2,2 2,2 1,1 1))
MULTIPOLYGON(((0 0,0 1.66666666666667,1 1,1 0,0 0)),((1 1,1 2,2 2,2 1,1 1)))
MULTIPOLYGON(((0 0,0 1.66666666666667,1 1,0 0)),((2 2,1 1,1 2,2 2)))
POLYGON((1 -1,0 0,-2 3,1 1,1 -1))
LINESTRING EMPTY
POLYGON EMPTY
MULTIPOINT EMPTY
MULTILINESTRING EMPTY
LINESTRING EMPTY
POLYGON EMPTY
MULTIPOINT EMPTY
MULTILINESTRING EMPTY
LINESTRING EMPTY
POLYGON EMPTY
MULTIPOINT EMPTY
MULTILINESTRING EMPTY
LINESTRING EMPTY
POLYGON EMPTY
MULTIPOINT EMPTY
MULTILINESTRING EMPTY
MULTIPOLYGON EMPTY
GEOMETRYCOLLECTION EMPTY
MULTIPOLYGON EMPTY
GEOMETRYCOLLECTION EMPTY
MULTIPOLYGON EMPTY
GEOMETRYCOLLECTION EMPTY
MULTIPOLYGON EMPTY
GEOMETRYCOLLECTION EMPTY
GEOMETRYCOLLECTION EMPTY
GEOMETRYCOLLECTION EMPTY
GEOMETRYCOLLECTION EMPTY
GEOMETRYCOLLECTION EMPTY
GEOMETRYCOLLECTION EMPTY
POINT(1 1)
GEOMETRYCOLLECTION EMPTY
LINESTRING(1 1,1 2)
MULTILINESTRING((1 1,1 2),(1.5 2,1 1))
LINESTRING(1 1,1 2)
GEOMETRYCOLLECTION EMPTY
LINESTRING(1 1,1.66666666666667 2)
POLYGON((1 1,1 2,2 2,2 1,1 1))
MULTIPOLYGON(((1 1,1 2,2 2,2 1,1 1)),((1 1,1 0,0 0,0 1.66666666666667,1 1)))
MULTIPOLYGON(((1 1,1 2,2 2,1 1)),((0 1.66666666666667,1 1,0 0,0 1.66666666666667)))
POLYGON((1 -1,0 0,-2 3,1 1,1 -1))
MULTIPOLYGON(((1 1,1 2,2 2,2 1,1 1)),((1 -1,0 0,-2 3,1 1,1 -1)))
LINESTRING EMPTY
POLYGON EMPTY
MULTIPOINT EMPTY
MULTILINESTRING EMPTY
MULTIPOLYGON EMPTY
GEOMETRYCOLLECTION EMPTY
GEOMETRYCOLLECTION EMPTY
LINESTRING EMPTY
LINESTRING EMPTY
POLYGON EMPTY
POLYGON EMPTY
MULTIPOINT EMPTY
MULTIPOINT EMPTY
MULTILINESTRING EMPTY
MULTILINESTRING EMPTY
LINESTRING EMPTY
LINESTRING EMPTY
LINESTRING EMPTY
LINESTRING EMPTY
POLYGON EMPTY
POLYGON EMPTY
POLYGON EMPTY
POLYGON EMPTY
MULTIPOINT EMPTY
MULTIPOINT EMPTY
MULTIPOINT EMPTY
MULTIPOINT EMPTY
MULTILINESTRING EMPTY
MULTILINESTRING EMPTY
MULTILINESTRING EMPTY
MULTILINESTRING EMPTY
LINESTRING EMPTY
LINESTRING EMPTY
POLYGON EMPTY
POLYGON EMPTY
MULTIPOINT EMPTY
MULTIPOINT EMPTY
MULTILINESTRING EMPTY
MULTILINESTRING EMPTY
LINESTRING EMPTY
LINESTRING EMPTY
LINESTRING EMPTY
LINESTRING EMPTY
POLYGON EMPTY
POLYGON EMPTY
POLYGON EMPTY
POLYGON EMPTY
MULTIPOINT EMPTY
MULTIPOINT EMPTY
MULTIPOINT EMPTY
MULTIPOINT EMPTY
MULTILINESTRING EMPTY
MULTILINESTRING EMPTY
MULTILINESTRING EMPTY
MULTILINESTRING EMPTY
LINESTRING EMPTY
POLYGON EMPTY
MULTIPOINT EMPTY
MULTILINESTRING EMPTY
LINESTRING EMPTY
POLYGON EMPTY
MULTIPOINT EMPTY
MULTILINESTRING EMPTY
LINESTRING EMPTY
POLYGON EMPTY
MULTIPOINT EMPTY
MULTILINESTRING EMPTY
LINESTRING EMPTY
POLYGON EMPTY
MULTIPOINT EMPTY
MULTILINESTRING EMPTY
LINESTRING EMPTY
POLYGON EMPTY
MULTIPOINT EMPTY
MULTILINESTRING EMPTY
MULTIPOLYGON EMPTY
GEOMETRYCOLLECTION EMPTY
MULTIPOLYGON EMPTY
GEOMETRYCOLLECTION EMPTY
MULTIPOLYGON EMPTY
GEOMETRYCOLLECTION EMPTY
MULTIPOLYGON EMPTY
GEOMETRYCOLLECTION EMPTY
LINESTRING EMPTY
POLYGON EMPTY
MULTIPOINT EMPTY
MULTILINESTRING EMPTY
MULTIPOLYGON EMPTY
MULTIPOLYGON EMPTY
GEOMETRYCOLLECTION EMPTY
GEOMETRYCOLLECTION EMPTY
MULTIPOLYGON EMPTY
MULTIPOLYGON EMPTY
MULTIPOLYGON EMPTY
MULTIPOLYGON EMPTY
GEOMETRYCOLLECTION EMPTY
GEOMETRYCOLLECTION EMPTY
GEOMETRYCOLLECTION EMPTY
GEOMETRYCOLLECTION EMPTY
MULTIPOLYGON EMPTY
MULTIPOLYGON EMPTY
GEOMETRYCOLLECTION EMPTY
GEOMETRYCOLLECTION EMPTY
MULTIPOLYGON EMPTY
MULTIPOLYGON EMPTY
MULTIPOLYGON EMPTY
MULTIPOLYGON EMPTY
GEOMETRYCOLLECTION EMPTY
GEOMETRYCOLLECTION EMPTY
GEOMETRYCOLLECTION EMPTY
GEOMETRYCOLLECTION EMPTY
MULTIPOLYGON EMPTY
GEOMETRYCOLLECTION EMPTY
LINESTRING EMPTY
POLYGON EMPTY
MULTIPOINT EMPTY
MULTILINESTRING EMPTY
LINESTRING EMPTY
POLYGON EMPTY
MULTIPOINT EMPTY
MULTILINESTRING EMPTY
MULTIPOLYGON EMPTY
GEOMETRYCOLLECTION EMPTY
MULTIPOLYGON EMPTY
GEOMETRYCOLLECTION EMPTY
MULTIPOLYGON EMPTY
GEOMETRYCOLLECTION EMPTY
GEOMETRYCOLLECTION EMPTY
GEOMETRYCOLLECTION EMPTY
GEOMETRYCOLLECTION EMPTY
GEOMETRYCOLLECTION EMPTY
GEOMETRYCOLLECTION EMPTY
GEOMETRYCOLLECTION EMPTY
GEOMETRYCOLLECTION EMPTY
GEOMETRYCOLLECTION EMPTY
GEOMETRYCOLLECTION EMPTY
GEOMETRYCOLLECTION EMPTY
GEOMETRYCOLLECTION EMPTY
GEOMETRYCOLLECTION EMPTY
GEOMETRYCOLLECTION EMPTY
LINESTRING EMPTY
POLYGON EMPTY
MULTIPOINT EMPTY
MULTILINESTRING EMPTY
MULTIPOLYGON EMPTY
GEOMETRYCOLLECTION EMPTY
MULTILINESTRING((90 190,120 190),(120 190,82.7848101265823 120.886075949367),(82.7848101265823 120.886075949367,50 60),(50 60,130 10),(130 10,190 50),(190 50,160 90),(160 90,82.7848101265823 120.886075949367),(82.7848101265823 120.886075949367,10 150),(10 150,90 190))
