0
0
0
6.44646111349608
2
0.629163063248694
0
0

0
0
0
0
1.6745
4.24264068711929
4.24264068711929
0
0
0
2.41421356237309
4.65028153987288
7.09901951359278
6.09901951359278
7.21110255092798
0
0
0
0
0

0
0
0
0
0
0
645.096730746207