8.28318530717959
4.44288293815837
8.28318530717959
8.60236843160309
7.79187419346268
4.74637576599187
2.41421356237309
15.9568336881822
13.2834603090311
16.3289587365019
16.3116780961812
24.5999588773797
19.2364895818726
24.5999588773797
17.6308657166052