 LINESTRING EMPTY
 LINESTRING(1 1,2 2,2 3.5,1 3,1 2,2 1)
 LINESTRING(0 0,0 2)
 LINESTRING(77.29 29.07,77.42 29.26,77.27 29.31,77.29 29.07)
 LINESTRING(1 2,2 3,1 2,4 6,2 2,1 6)
 LINESTRING(0.9876 0,0 2.9876)
 LINESTRING(1 1,2 2.7654,2.5431 3.5,1.666 3,1 2,2 1)
 LINESTRING(0 0,0 2)
 LINESTRING(77.29 29.07,77.42 29.26,77.27 29.31,77.9879 29.07)
 LINESTRING(1 2,2 3.121,1 2,4 6,2 2,1 6)
 LINESTRING(0.121 0,0 2.9876)
 LINESTRING(1 1,2 2,2 3.5,1 3,1 2,2 1)
 LINESTRING(0 0,1 8)
 LINESTRING(0 0,1 1,2 2,3 3,4 4)
 LINESTRING(0 0,1 1,2 2,3 3,4 4,5 5)
 LINESTRING(0 1,1 2,2 3,3 3,4 4,5 5)
 LINESTRING(0 1,1 2,2 3,3 4,4 5,5 6)
 LINESTRING(0 3,1 5,2 3,3 4,4 5,5 6)
 LINESTRING(1 2,2 3,1 2,4 6,2 2,1 7)
 LINESTRING(0 0,0 1,1 1,1 0,0 0)
 LINESTRING(0 0,0 1,1 1,1 0,0.5 0,0 0)
 LINESTRING(0 0,1 9)
 LINESTRING(0 0,1 10)
 LINESTRING(0 0,1 11)
 LINESTRING(0 0,1 12)
