LINESTRING(0 0,0 2)
 LINESTRING(0 0,10 0,20 0,20 0,30 0)
 GEOMETRYCOLLECTION(MULTIPOLYGON(((3 3,1 1,1 5,3 3)),((5 3,7 5,7 1,5 3))),LINESTRING(3 3,5 3))
 LINESTRING(0 0,0 2)
 LINESTRING(0 0,10 0,20 0,20 0,30 0)
 GEOMETRYCOLLECTION(MULTIPOLYGON(((3 3,1 1,1 5,3 3)),((5 3,7 5,7 1,5 3))),LINESTRING(3 3,5 3))
 MULTILINESTRING((0 1,2 3),(2 3,3 4))
 POINT(30 10)

 LINESTRING EMPTY
 POLYGON EMPTY
 MULTIPOINT EMPTY
 MULTILINESTRING EMPTY
 MULTIPOLYGON EMPTY
 GEOMETRYCOLLECTION EMPTY
 LINESTRING(77.29 29.07,77.42 29.26,77.27 29.31,77.29 29.07)
 GEOMETRYCOLLECTION(POLYGON((0 0,0 1,0 2,1 2,1 1,1 0,0 0)),LINESTRING(0 1,1 1))
 GEOMETRYCOLLECTION(POLYGON((1 0,0 0,0 2,1 2,2 2,3 2,3 0,2 0,1 0)),MULTILINESTRING((2 0,2 2),(1 2,1 0)))
 MULTILINESTRING((1 1,1 2),(2 4,1 9,1 8))
 MULTILINESTRING((1 1,1 2),(1 1,1 2))
 GEOMETRYCOLLECTION(POLYGON((1 0,0 0,0 2,1 2,2 2,3 2,3 0,2 0,1 0)),MULTILINESTRING((2 0,2 2),(1 2,1 0)))
 MULTIPOLYGON(((0 0,4 0,4 4,0 4,0 0)),((1 8,2 8,2 9,1 9,1 8)),((6 6,6 12,12 12,12 6,6 6),(7 7,7 8,8 8,8 7,7 7)))
 MULTIPOINT(1 2,2 3)
 MULTIPOINT(1 2,2 3,1 2,4 6)
 LINESTRING(0 0,0 2,0 0)
