1
          5
          4
          5
          6
          2
          4
          2
          4
          0
          0
          
          0
          0
          0
          0
          1
          2
          1
          3
          4
          5
          3
          3
          5
          6
          4
          5
         10
          
          0
          0
          0
          0
          0
          0
          9