POLYGON EMPTY
 POLYGON((30 10,40 40,20 40,10 20,30 10))
 POLYGON((1 2,3 4,5 6,1 2))
 POLYGON((1 1,3 1,3 3,1 3,1 1))
 POLYGON((0 0,0 1,1 1,1 0,0 0),(0 1,1 1,1 2,0 2,0 1))
 POLYGON((0 0,2 0,2 2,0 2,0 0),(1 0,3 0,3 2,1 2,1 0))
 POLYGON((1 1,2 6,3 7,8 9,2 4,3 5,7 9,2 5,1 1))
 POLYGON((30 18,40 40,20 41,10 20,30 18))
 POLYGON((1 1,3 1,3 3,1 7,1 1))
 POLYGON((1 1,2 6,3 7,8 9,2 4,3 5,7 9,2 5,1 1))
 POLYGON((30 18,40 40,20 41,10 20,30 18))
 POLYGON((1 1,3 1,3 3,1 7,1 1))
 POLYGON((1 1,2 6,3 7,8 11,2 4,3 5,7 9,2 5,1 1))
 POLYGON((30 18,40 40,20 41,10 20,30 18))
 POLYGON((1 1,3 1,3 3,1 7,1 1))
 POLYGON((1 1,2 6,3 7,8 9,2 4,3 5,7 9,2 5,1 1))
 POLYGON((30 18,40 40,20 41,10 20,30 18))
 POLYGON((1 1,3 1,3 3,1 7,1 1))
 POLYGON((1 1,2 4,3 7,8 9,2 4,3 5,7 9,2 5,1 1))
 POLYGON((30 18,40 41,20 41,10 20,30 18))
 POLYGON((1 1,3 1,3 9,1 7,1 1))
 POLYGON((1 1,2 4,3 7,8 9,2 4,3 5,7 9,2 5,1 1))
 POLYGON((30 18,40 41,20 41,10 20,30 18))
 POLYGON((1 1,3.231 1.098,3.765 9.555,1 7,1 1))
 POLYGON((1e-11 1e-11,3.231 1.098,3.765 9.555,1 7,1e-11 1e-11))