                                                                                                                                                                                                                                                                             
 POINT(3339584.72379821 1118889.97485796)
 POLYGON((3339584.72379821 1118889.97485796,4452779.63173094 4865942.27950318,2226389.81586547 4865942.27950318,1113194.90793274 2273030.92698769,3339584.72379821 1118889.97485796))
 POLYGON((111319.490793274 222684.208505545,333958.472379821 445640.109656027,556597.453966368 669141.057044245,111319.490793274 222684.208505545))
 POLYGON((111319.490793274 111325.142866385,333958.472379821 111325.142866385,333958.472379821 334111.17140196,111319.490793274 334111.17140196,111319.490793274 111325.142866385))
 LINESTRING(111319.490793274 111325.142866385,222638.981586547 222684.208505545,222638.981586547 389860.758254196,111319.490793274 334111.17140196,111319.490793274 222684.208505545,222638.981586547 111325.142866385)
 LINESTRING(0 0,0 222684.208505545)
 MULTIPOINT(0 0,779236.435552915 781182.214188248)
 GEOMETRYCOLLECTION(POINT(111319.490793274 111325.142866385),LINESTRING(111319.490793274 111325.142866385,222638.981586547 222684.208505545,333958.472379821 334111.17140196))
 POLYGON EMPTY
 LINESTRING EMPTY
 POINT EMPTY
 MULTIPOLYGON EMPTY
 MULTILINESTRING EMPTY
 MULTIPOINT EMPTY
 GEOMETRYCOLLECTION EMPTY
 LINESTRING(4315847.41853748 1207246.02489456,4315847.41853748 1017991.64472504)
 MULTILINESTRING((0 0,111319.490793274 111325.142866385),(0 0,111319.490793274 111325.142866385,222638.981586547 222684.208505545))
 POLYGON((0 0,0 111325.142866385,111319.490793274 111325.142866385,111319.490793274 0,0 0),(0 111325.142866385,111319.490793274 111325.142866385,111319.490793274 222684.208505545,0 222684.208505545,0 111325.142866385))
 POLYGON((0 0,222638.981586547 0,222638.981586547 222684.208505545,0 222684.208505545,0 0),(111319.490793274 0,333958.472379821 0,333958.472379821 222684.208505545,111319.490793274 222684.208505545,111319.490793274 0))
 MULTIPOINT(111319.490793274 222684.208505545,222638.981586547 334111.17140196)
 MULTIPOINT(111319.490793274 222684.208505545,222638.981586547 334111.17140196,111319.490793274 222684.208505545,445277.963173094 669141.057044245)
 MULTILINESTRING((111319.490793274 111325.142866385,111319.490793274 222684.208505545),(222638.981586547 445640.109656027,111319.490793274 1006021.06275513,111319.490793274 893463.751012645))
 MULTILINESTRING((111319.490793274 111325.142866385,111319.490793274 222684.208505545),(111319.490793274 111325.142866385,111319.490793274 222684.208505545))
 MULTIPOLYGON(((0 0,222638.981586547 0,222638.981586547 222684.208505545,0 222684.208505545,0 0)),((111319.490793274 0,333958.472379821 0,333958.472379821 222684.208505545,111319.490793274 222684.208505545,111319.490793274 0)))
 MULTIPOLYGON(((0 0,445277.963173094 0,445277.963173094 445640.109656027,0 445640.109656027,0 0)),((111319.490793274 893463.751012645,222638.981586547 893463.751012645,222638.981586547 1006021.06275513,111319.490793274 1006021.06275513,111319.490793274 893463.751012645)),((667916.944759641 669141.057044245,667916.944759641 1345708.40840911,1335833.88951928 1345708.40840911,1335833.88951928 669141.057044245,667916.944759641 669141.057044245),(779236.435552915 781182.214188248,779236.435552915 893463.751012645,890555.926346189 893463.751012645,890555.926346189 781182.214188248,779236.435552915 781182.214188248)))
 MULTIPOINT(111319.490793274 222684.208505545,222638.981586547 334111.17140196,111319.490793274 222684.208505545,445277.963173094 669141.057044245,222638.981586547 222684.208505545,111319.490793274 669141.057044245)
 POLYGON((111319.490793274 111325.142866385,222638.981586547 669141.057044245,333958.472379821 781182.214188248,890555.926346189 1006021.06275513,222638.981586547 445640.109656027,333958.472379821 557305.257274575,779236.435552915 1006021.06275513,222638.981586547 557305.257274575,111319.490793274 111325.142866385))
 LINESTRING(111319.490793274 222684.208505545,222638.981586547 334111.17140196,111319.490793274 222684.208505545,445277.963173094 669141.057044245,222638.981586547 222684.208505545,111319.490793274 669141.057044245)
 POINT(111319.490793274 893463.751012645)
 MULTIPOINT(111319.490793274 111325.142866385,333958.472379821 445640.109656027)
 MULTIPOINT(333958.472379821 445640.109656027)
 LINESTRING(111319.490793274 111325.142866385,111319.490793274 222684.208505545,222638.981586547 334111.17140196)
 LINESTRING(111319.490793274 111325.142866385,111319.490793274 222684.208505545,222638.981586547 334111.17140196,111319.490793274 111325.142866385)
 MULTILINESTRING((111319.490793274 111325.142866385,111319.490793274 222684.208505545),(222638.981586547 445640.109656027,111319.490793274 1006021.06275513,111319.490793274 893463.751012645))
 MULTILINESTRING((222638.981586547 445640.109656027,111319.490793274 1006021.06275513,111319.490793274 893463.751012645))
 MULTILINESTRING((111319.490793274 111325.142866385,333958.472379821 445640.109656027,111319.490793274 111325.142866385))
 POLYGON((111319.490793274 111325.142866385,111319.490793274 222684.208505545,222638.981586547 222684.208505545,222638.981586547 111325.142866385,111319.490793274 111325.142866385))
 POLYGON((0 0,0 445640.109656027,222638.981586547 222684.208505545,445277.963173094 445640.109656027,445277.963173094 0,0 0))
 POLYGON((0 0,0 445640.109656027,445277.963173094 445640.109656027,0 0))
 MULTIPOLYGON(((0 0,111319.490793274 -111325.142866386,111319.490793274 111325.142866385,-222638.981586547 334111.17140196,0 0)))
 MULTIPOLYGON(((111319.490793274 111325.142866385,111319.490793274 222684.208505545,222638.981586547 222684.208505545,222638.981586547 111325.142866385,111319.490793274 111325.142866385)),((0 0,111319.490793274 -111325.142866386,111319.490793274 111325.142866385,-222638.981586547 334111.17140196,0 0)))
