POLYGON((16.9 83.4,19.1 83.4,19.1 82.2,16.2 82.2,16.2 81.5,14.8 81.5,14.8 80.8,12.5 80.8,12.5 81.5,12 81.5,12 83.9,10.8 83.9,10.8 84.4,12 84.4,12 88.3,11.7 88.3,11.7 87.5,10.4 87.5,10.4 91.9,10.1 91.9,10.1 98.3,15.5 98.3,15.5 98.4,18.6 98.4,18.6 98.3,19.7 98.3,19.7 91.9,18.7 91.9,18.7 88.3,16.2 88.3,16.2 85.6,16.9 85.6,16.9 83.4))