GEOMETRYCOLLECTION(POINT(10 0),LINESTRING(-5 45,8 36),LINESTRING(1 49,15 41),LINESTRING(2 4,1 9),LINESTRING(1 9,1 8),LINESTRING(90 190,120 190,82.7848101265823 120.886075949367),LINESTRING(82.7848101265823 120.886075949367,50 60,130 10,190 50,160 90,82.7848101265823 120.886075949367),LINESTRING(82.7848101265823 120.886075949367,10 150,90 190),POLYGON((5 1,5 2,7 2,7 1,5 1)),POLYGON((1 -1,0 0,-2 3,0 1.66666666666667,0 4,2 4,3 4,4 4,4 0,1 0,1 -1)))