POINT(41 41)
POLYGON((41 41,81 81,61 61,31 31,41 41))
POLYGON((3 3,5 5,7 7,5 5,3 3))
LINESTRING(3 3,5 5,6.5 6.5,5 5,4 4,4 4)
LINESTRING(1 1,3 3)
LINESTRING(107.36 107.36,107.68 107.68,107.58 107.58,107.36 107.36)
POLYGON EMPTY
LINESTRING EMPTY
MULTIPOLYGON EMPTY
MULTILINESTRING EMPTY
MULTIPOINT EMPTY
LINESTRING(50.550611 50.550611,48.876111 48.876111)
MULTILINESTRING((1 1,3 3),(1 1,3 3,5 5))
MULTILINESTRING Z ((1 1 0,3 3 1),(1 1 0,3 3 1,5 5 2))
POINT(10 10)
MULTIPOINT(3 3,8 8)
MULTIPOINT(8 8)
LINESTRING(3 3,4 4,6 6)
LINESTRING(3 3,4 4,6 6,3 3)
MULTILINESTRING((3 3,4 4),(7 7,11 11,10 10))
MULTILINESTRING((7 7,11 11,10 10))
MULTILINESTRING((3 3,8 8,3 3))
POLYGON((3 3,4 4,5 5,4 4,3 3))
POLYGON((1 1,5 5,5 5,9 9,5 5,1 1))
POLYGON((1 1,5 5,9 9,1 1))
MULTIPOLYGON(((1 1,1 1,3 3,2 2,1 1)))
MULTIPOLYGON(((3 3,4 4,5 5,4 4,3 3)),((1 1,1 1,3 3,2 2,1 1)))
