"{""type"":""Point"",""coordinates"":[30.0,10.0]}"
"{""type"":""Polygon"",""coordinates"":[[[30.0,10.0],[40.0,40.0],[20.0,40.0],[10.0,20.0],[30.0,10.0]]]}"
"{""type"":""Polygon"",""coordinates"":[[[1.0,1.0],[3.0,1.0],[3.0,3.0],[1.0,3.0],[1.0,1.0]]]}"
"{""type"":""LineString"",""coordinates"":[[1.0,1.0],[2.0,2.0],[2.0,3.5],[1.0,3.0],[1.0,2.0],[2.0,1.0]]}"
"{""type"":""LineString"",""coordinates"":[[0.0,0.0],[0.0,2.0]]}"
"{""type"":""LineString"",""coordinates"":[[77.29,29.07],[77.42,29.26],[77.27,29.31],[77.29,29.07]]}"
"{""type"":""Polygon"",""coordinates"":[[]]}"
"{""type"":""LineString"",""coordinates"":[]}"
"{""type"":""MultiPolygon"",""coordinates"":[]}"
"{""type"":""MultiLineString"",""coordinates"":[]}"
"{""type"":""MultiPoint"",""coordinates"":[]}"
"{""type"":""LineString"",""coordinates"":[[38.769917,10.780694],[38.769917,9.106194]]}"
"{""type"":""MultiLineString"",""coordinates"":[[[0.0,0.0],[1.0,1.0]],[[0.0,0.0],[1.0,1.0],[2.0,2.0]]]}"
"{""type"":""MultiLineString"",""coordinates"":[[[0.0,0.0,0.0],[1.0,1.0,1.0]],[[0.0,0.0,0.0],[1.0,1.0,1.0],[2.0,2.0,2.0]]]}"
"{""type"":""Point"",""coordinates"":[1.0,8.0]}"
"{""type"":""MultiPoint"",""coordinates"":[[1.0,1.0],[3.0,4.0]]}"
"{""type"":""MultiPoint"",""coordinates"":[[3.0,4.0]]}"
"{""type"":""LineString"",""coordinates"":[[1.0,1.0],[1.0,2.0],[2.0,3.0]]}"
"{""type"":""LineString"",""coordinates"":[[1.0,1.0],[1.0,2.0],[2.0,3.0],[1.0,1.0]]}"
"{""type"":""MultiLineString"",""coordinates"":[[[1.0,1.0],[1.0,2.0]],[[2.0,4.0],[1.0,9.0],[1.0,8.0]]]}"
"{""type"":""MultiLineString"",""coordinates"":[[[2.0,4.0],[1.0,9.0],[1.0,8.0]]]}"
"{""type"":""MultiLineString"",""coordinates"":[[[1.0,1.0],[3.0,4.0],[1.0,1.0]]]}"
"{""type"":""Polygon"",""coordinates"":[[[1.0,1.0],[1.0,2.0],[2.0,2.0],[2.0,1.0],[1.0,1.0]]]}"
"{""type"":""Polygon"",""coordinates"":[[[0.0,0.0],[0.0,4.0],[2.0,2.0],[4.0,4.0],[4.0,0.0],[0.0,0.0]]]}"
"{""type"":""Polygon"",""coordinates"":[[[0.0,0.0],[0.0,4.0],[4.0,4.0],[0.0,0.0]]]}"
"{""type"":""MultiPolygon"",""coordinates"":[[[[0.0,0.0],[1.0,-1.0],[1.0,1.0],[-2.0,3.0],[0.0,0.0]]]]}"
"{""type"":""MultiPolygon"",""coordinates"":[[[[1.0,1.0],[1.0,2.0],[2.0,2.0],[2.0,1.0],[1.0,1.0]]],[[[0.0,0.0],[1.0,-1.0],[1.0,1.0],[-2.0,3.0],[0.0,0.0]]]]}"
"{""type"":""LineString"",""coordinates"":[]}"
"{""type"":""Polygon"",""coordinates"":[[]]}"
"{""type"":""MultiPoint"",""coordinates"":[]}"
"{""type"":""MultiLineString"",""coordinates"":[]}"
"{""type"":""MultiPolygon"",""coordinates"":[]}"
