LINESTRING EMPTY
POLYGON EMPTY
MULTIPOINT EMPTY
MULTILINESTRING EMPTY
MULTIPOLYGON EMPTY
GEOMETRYCOLLECTION EMPTY
LINEARRING (30 10, 40 40, 20 40, 10 20, 30 10)
LINEARRING (1 2, 3 4, 5 6, 1 2)
LINEARRING (1 1, 3 1, 3 3, 1 3, 1 1)
MULTILINESTRING((0 0,0 1,1 1,1 0,0 0),(0 1,1 1,1 2,0 2,0 1))
MULTILINESTRING((0 0,2 0,2 2,0 2,0 0),(1 0,3 0,3 2,1 2,1 0))
MULTIPOINT(1 1,2 1)
MULTIPOINT(0 0,0 2)
MULTIPOINT EMPTY
GEOMETRYCOLLECTION EMPTY
GEOMETRYCOLLECTION EMPTY
MULTIPOINT(1 1,1 2,1 8,2 4)
MULTIPOINT EMPTY
MULTILINESTRING((0 0,2 0,2 2,0 2,0 0),(1 0,3 0,3 2,1 2,1 0))
MULTILINESTRING((0 0,4 0,4 4,0 4,0 0),(1 8,2 8,2 9,1 9,1 8),(6 6,6 12,12 12,12 6,6 6),(7 7,7 8,8 8,8 7,7 7))
