 POLYGON((8 2,8 1,1 1,1 8,2 8,2 2,8 2))
 GEOMETRYCOLLECTION EMPTY
 POLYGON((1 1,1 5,5 5,3 3,2 3,2 2,1 1))
 GEOMETRYCOLLECTION EMPTY
 GEOMETRYCOLLECTION EMPTY
 POLYGON((1 2,0 2,0 5,1 5,1 2))
 GEOMETRYCOLLECTION EMPTY
 POLYGON((0 2,1 1,0 -1,0 2))
 GEOMETRYCOLLECTION EMPTY
 GEOMETRYCOLLECTION EMPTY
 POLYGON((0 2,1 1,0 -1,0 2))
 GEOMETRYCOLLECTION EMPTY
 GEOMETRYCOLLECTION EMPTY
 GEOMETRYCOLLECTION EMPTY
 MULTIPOINT(1 3,4 1)
 POLYGON((4 2,4 1,1 1,1 4,2 4,2 2,4 2))
 POLYGON((4 2,4 1,1 1,1 5,3 5,3 2,4 2))
 GEOMETRYCOLLECTION EMPTY
 POLYGON((0 0,0 10,10 10,10 0,0 0))
 GEOMETRYCOLLECTION EMPTY
 POINT(1 8)
 MULTIPOINT(1 1,3 4)
 GEOMETRYCOLLECTION EMPTY
 POINT(1 8)
 POINT(1 8)
 POINT(1 8)
 GEOMETRYCOLLECTION EMPTY
 POINT(1 1)
 POINT(3 4)
 POINT(3 4)
 POINT(3 4)
 GEOMETRYCOLLECTION EMPTY
 POINT(1 8)
 MULTIPOINT(1 1,3 4)
 GEOMETRYCOLLECTION EMPTY
 POINT(1 8)
 POINT(1 8)
 POINT(1 8)
 POINT(1 8)
 POINT(3 4)
 POINT(3 4)
 GEOMETRYCOLLECTION EMPTY
 POINT(3 4)
 POINT(1 8)
 POINT(3 4)
 POINT(1 8)
 POINT(1 8)
 POINT(1 8)
 POINT(1 8)
 MULTIPOINT(1 1,3 4)
 MULTIPOINT(1 1,3 4)
 MULTIPOINT(1 1,3 4)
 MULTIPOINT(1 1,3 4)
 POINT(1 8)
 MULTIPOINT(1 1,3 4)
 POINT(3 4)
 GEOMETRYCOLLECTION EMPTY
 LINESTRING(1 1,1 2,2 3)
 LINESTRING(1 1,1 2,2 3)
 LINESTRING(1 1,1 2,2 3,1 1)
 LINESTRING(1 1,1 2,2 3,1 1)
 MULTILINESTRING((1 1,1 2),(2 4,1 9,1 8))
 MULTILINESTRING((1 1,1 2),(2 4,1 9,1 8))
 GEOMETRYCOLLECTION EMPTY
 POINT(3 4)
 POINT(3 4)
 POINT(3 4)
 LINESTRING(1 1,1 2,2 3)
 GEOMETRYCOLLECTION EMPTY
 GEOMETRYCOLLECTION EMPTY
 LINESTRING(1 2,2 3)
 LINESTRING(1 1,1 2,2 3,1 1)
 LINESTRING(2 3,1 1)
 GEOMETRYCOLLECTION EMPTY
 LINESTRING(1 2,2 3,1 1)
 MULTILINESTRING((1 1,1 2),(2 4,1 9,1 8))
 LINESTRING(2 4,1 9,1 8)
 LINESTRING(2 4,1 9,1 8)
 GEOMETRYCOLLECTION EMPTY
 POINT(3 4)
 GEOMETRYCOLLECTION EMPTY
 LINESTRING(1 1,1 2,2 3)
 LINESTRING(1 1,1 2,2 3)
 LINESTRING(1 1,1 2,2 3,1 1)
 LINESTRING(1 1,1 2,2 3,1 1)
 LINESTRING(1 1,1 2)
 MULTILINESTRING((1 1,1 2),(2 4,1 9,1 8))
 POINT(3 4)
 POINT(3 4)
 GEOMETRYCOLLECTION EMPTY
 POINT(3 4)
 LINESTRING(1 2,2 3)
 LINESTRING(1.5 2.5,2 3)
 GEOMETRYCOLLECTION EMPTY
 LINESTRING(1 1,1 2,2 3)
 LINESTRING(1 2,2 3,1.5 2)
 LINESTRING(1.5 2.5,2 3,1.66666666666667 2.33333333333333)
 GEOMETRYCOLLECTION EMPTY
 LINESTRING(1 1,1 2,2 3,1 1)
 LINESTRING(2 4,1 9,1 8)
 LINESTRING(2 4,1 9,1 8)
 LINESTRING(2 4,1 9,1 8)
 MULTILINESTRING((1 1,1 2),(2 4,1 9,1 8))
 POINT(3 4)
 LINESTRING(1 2,2 3)
 LINESTRING(1 2,2 3,1.5 2)
 LINESTRING(2 4,1 9,1 8)
 MULTIPOINT(3 4)
 MULTIPOINT(3 4)
 MULTIPOINT(3 4)
 MULTIPOINT(3 4)
 LINESTRING(1 1,1 2,2 3)
 LINESTRING(1 1,1 2,2 3)
 LINESTRING(1 1,1 2,2 3)
 LINESTRING(1 1,1 2,2 3)
 LINESTRING(1 1,1 2,2 3,1 1)
 LINESTRING(1 1,1 2,2 3,1 1)
 LINESTRING(1 1,1 2,2 3,1 1)
 LINESTRING(1 1,1 2,2 3,1 1)
 MULTILINESTRING((1 1,1 2),(2 4,1 9,1 8))
 MULTILINESTRING((1 1,1 2),(2 4,1 9,1 8))
 MULTILINESTRING((1 1,1 2),(2 4,1 9,1 8))
 MULTILINESTRING((1 1,1 2),(2 4,1 9,1 8))
 MULTIPOINT(3 4)
 LINESTRING(1 1,1 2,2 3)
 LINESTRING(1 1,1 2,2 3,1 1)
 MULTILINESTRING((1 1,1 2),(2 4,1 9,1 8))
 LINESTRING(2 4,1 9,1 8)
 LINESTRING(2 4,1 9,1 8)
 LINESTRING(1 1,3 4)
 LINESTRING(1 1,3 4)
 LINESTRING(2 4,1 9,1 8)
 LINESTRING(2 4,1 9,1 8)
 LINESTRING(2 4,1 9,1 8)
 GEOMETRYCOLLECTION EMPTY
 LINESTRING(1 1,3 4)
 LINESTRING(1 1,3 4)
 LINESTRING(1 1,3 4)
 LINESTRING(1 1,3 4)
 GEOMETRYCOLLECTION EMPTY
 LINESTRING(2 4,1 9,1 8)
 LINESTRING(1 1,3 4)
 GEOMETRYCOLLECTION EMPTY
 LINESTRING(2 4,1 9,1 8)
 LINESTRING(2 4,1 9,1 8)
 LINESTRING(2 4,1 9,1 8)
 LINESTRING(2 4,1 9,1 8)
 LINESTRING(1.66666666666667 2,3 4)
 LINESTRING(1.8 2.2,3 4)
 GEOMETRYCOLLECTION EMPTY
 LINESTRING(1 1,3 4)
 LINESTRING(2 4,1 9,1 8)
 LINESTRING(1.66666666666667 2,3 4)
 MULTILINESTRING((2 4,1 9,1 8))
 MULTILINESTRING((2 4,1 9,1 8))
 MULTILINESTRING((2 4,1 9,1 8))
 MULTILINESTRING((2 4,1 9,1 8))
 MULTILINESTRING((1 1,3 4,1 1))
 MULTILINESTRING((1 1,3 4,1 1))
 MULTILINESTRING((1 1,3 4,1 1))
 MULTILINESTRING((1 1,3 4,1 1))
 MULTILINESTRING((2 4,1 9,1 8))
 MULTILINESTRING((1 1,3 4,1 1))
 POLYGON((1 1,1 2,2 2,2 1,1 1))
 POLYGON((1 1,1 2,2 2,2 1,1 1))
 POLYGON((0 0,0 4,2 2,4 4,4 0,0 0))
 POLYGON((0 0,0 4,2 2,4 4,4 0,0 0))
 POLYGON((0 0,0 4,4 4,0 0))
 POLYGON((0 0,0 4,4 4,0 0))
 POLYGON((0 0,-2 3,1 1,1 -1,0 0))
 POLYGON((0 0,-2 3,1 1,1 -1,0 0))
 POLYGON((1 1,1 2,2 2,2 1,1 1))
 POLYGON((1 1,1 2,2 2,2 1,1 1))
 POLYGON((1 1,1 2,1.5 2,2 2,2 1,1 1))
 POLYGON((1 1,1 2,2 2,2 1,1 1))
 POLYGON((0 0,0 4,2 2,4 4,4 0,0 0))
 POLYGON((0 0,0 4,1.5 2.5,2 2,4 4,4 0,0 0))
 POLYGON((0 0,0 4,1.5 2.5,1.66666666666667 2.33333333333333,2 2,4 4,4 0,0 0))
 POLYGON((0 0,0 4,2 2,4 4,4 0,0 0))
 POLYGON((0 0,0 4,4 4,0 0))
 POLYGON((0 0,0 4,4 4,1 1,0 0))
 POLYGON((0 0,0 4,4 4,1 1,0 0))
 POLYGON((0 0,0 4,2 4,4 4,1 1,0 0))
 POLYGON((0 0,-2 3,1 1,1 -1,0 0))
 POLYGON((1 1,1 -1,0 0,-2 3,1 1))
 POLYGON((1 1,1 -1,0 0,-2 3,1 1))
 POLYGON((1 1,1 -1,0 0,-2 3,1 1))
 POLYGON((1 1,1 2,2 2,2 1,1 1))
 POLYGON((1 1,1 2,1.66666666666667 2,2 2,2 1,1 1))
 POLYGON((0 0,0 4,2 2,4 4,4 0,0 0))
 POLYGON((0 0,0 4,1.8 2.2,2 2,4 4,4 0,0 0))
 POLYGON((0 0,0 4,2 4,4 4,0 0))
 POLYGON((0 0,0 4,3 4,4 4,1 1,0 0))
 POLYGON((0 0,-2 3,1 1,1 -1,0 0))
 POLYGON((1 1,1 -1,0 0,-2 3,1 1))
 GEOMETRYCOLLECTION EMPTY
 GEOMETRYCOLLECTION EMPTY
 POLYGON((2 2,2 1,1 1,2 2))
 POLYGON((1 1,1 2,2 2,2 1,1 1))
 POLYGON((0 0,0 4,2 2,4 4,4 0,0 0),(2 2,1 2,1 1,2 1,2 2))
 GEOMETRYCOLLECTION EMPTY
 POLYGON((2 2,4 4,4 0,0 0,2 2))
 POLYGON((0 1.66666666666667,0 4,2 2,4 4,4 0,1 0,1 1,0 1.66666666666667))
 POLYGON((0 0,0 4,4 4,2 2,1 2,1 1,0 0))
 POLYGON((0 4,4 4,2 2,0 4))
 GEOMETRYCOLLECTION EMPTY
 POLYGON((0 1.66666666666667,0 4,4 4,1 1,0 1.66666666666667))
 POLYGON((1 1,1 -1,0 0,-2 3,1 1))
 MULTIPOLYGON(((1 0,1 -1,0 0,1 0)),((0 0,-2 3,0 1.66666666666667,0 0)))
 MULTIPOLYGON(((1 1,1 -1,0 0,1 1)),((0 0,-2 3,0 1.66666666666667,0 0)))
 GEOMETRYCOLLECTION EMPTY
 GEOMETRYCOLLECTION EMPTY
 MULTIPOLYGON(((0 1.66666666666667,0 4,2 2,1 2,1 1,0 1.66666666666667)),((2 2,4 4,4 0,1 0,1 1,2 1,2 2)))
 POLYGON((0 1.66666666666667,0 4,4 4,2 2,1 2,1 1,0 1.66666666666667))
 GEOMETRYCOLLECTION EMPTY
 POLYGON((1 1,1 2,2 2,2 1,1 1))
 POLYGON((1 1,1 2,2 2,2 1,1 1))
 POLYGON((1 1,1 2,2 2,2 1,1 1))
 POLYGON((1 1,1 2,2 2,2 1,1 1))
 POLYGON((0 0,0 4,2 2,4 4,4 0,0 0))
 POLYGON((0 0,0 4,2 2,4 4,4 0,0 0))
 POLYGON((0 0,0 4,2 2,4 4,4 0,0 0))
 POLYGON((0 0,0 4,2 2,4 4,4 0,0 0))
 POLYGON((0 0,0 4,4 4,0 0))
 POLYGON((0 0,0 4,4 4,0 0))
 POLYGON((0 0,0 4,4 4,0 0))
 POLYGON((0 0,0 4,4 4,0 0))
 MULTIPOLYGON(((0 0,1 -1,1 1,-2 3,0 0)))
 MULTIPOLYGON(((0 0,1 -1,1 1,-2 3,0 0)))
 MULTIPOLYGON(((0 0,1 -1,1 1,-2 3,0 0)))
 MULTIPOLYGON(((0 0,1 -1,1 1,-2 3,0 0)))
 POLYGON((1 1,1 2,2 2,2 1,1 1))
 POLYGON((0 0,0 4,2 2,4 4,4 0,0 0))
 POLYGON((0 0,0 4,4 4,0 0))
 MULTIPOLYGON(((0 0,1 -1,1 1,-2 3,0 0)))
 MULTIPOLYGON(((1 1,1 2,2 2,2 1,1 1)),((1 1,1 -1,0 0,-2 3,1 1)))
 MULTIPOLYGON(((1 1,1 2,2 2,2 1,1 1)),((1 1,1 -1,0 0,-2 3,1 1)))
 MULTIPOLYGON(((1 1,1 2,2 2,2 1,1 1)),((1 1,1 -1,0 0,-2 3,1 1)))
 MULTIPOLYGON(((1 1,1 2,2 2,2 1,1 1)),((1 1,1 -1,0 0,-2 3,1 1)))
 MULTIPOLYGON(((1 1,1 2,1.5 2,2 2,2 1,1 1)),((1 1,1 -1,0 0,-2 3,1 1)))
 MULTIPOLYGON(((1 1,1 2,2 2,2 1,1 1)),((1 1,1 -1,0 0,-2 3,1 1)))
 MULTIPOLYGON(((1 1,1 2,2 2,2 1,1 1)),((1 1,1 -1,0 0,-2 3,1 1)))
 MULTIPOLYGON(((1 1,1 2,1.66666666666667 2,2 2,2 1,1 1)),((1 1,1 -1,0 0,-2 3,1 1)))
 POLYGON((1 1,1 -1,0 0,-2 3,1 1))
 MULTIPOLYGON(((1 0,1 -1,0 0,1 0)),((0 0,-2 3,0 1.66666666666667,0 0)))
 MULTIPOLYGON(((2 2,2 1,1 1,2 2)),((1 1,1 -1,0 0,1 1)),((0 0,-2 3,0 1.66666666666667,0 0)))
 POLYGON((1 1,1 2,2 2,2 1,1 1))
 GEOMETRYCOLLECTION EMPTY
 MULTIPOLYGON(((1 1,1 2,2 2,2 1,1 1)),((0 0,1 -1,1 1,-2 3,0 0)))
 MULTIPOLYGON(((1 1,1 2,2 2,2 1,1 1)),((0 0,1 -1,1 1,-2 3,0 0)))
 MULTIPOLYGON(((1 1,1 2,2 2,2 1,1 1)),((0 0,1 -1,1 1,-2 3,0 0)))
 MULTIPOLYGON(((1 1,1 2,2 2,2 1,1 1)),((0 0,1 -1,1 1,-2 3,0 0)))
 MULTIPOLYGON(((1 1,1 2,2 2,2 1,1 1)),((0 0,1 -1,1 1,-2 3,0 0)))
 LINESTRING EMPTY
 LINESTRING EMPTY
 POLYGON EMPTY
 POLYGON EMPTY
 MULTIPOINT EMPTY
 MULTIPOINT EMPTY
 MULTILINESTRING EMPTY
 MULTILINESTRING EMPTY
 LINESTRING EMPTY
 LINESTRING EMPTY
 LINESTRING EMPTY
 LINESTRING EMPTY
 POLYGON EMPTY
 POLYGON EMPTY
 POLYGON EMPTY
 POLYGON EMPTY
 MULTIPOINT EMPTY
 MULTIPOINT EMPTY
 MULTIPOINT EMPTY
 MULTIPOINT EMPTY
 MULTILINESTRING EMPTY
 MULTILINESTRING EMPTY
 MULTILINESTRING EMPTY
 MULTILINESTRING EMPTY
 LINESTRING EMPTY
 LINESTRING EMPTY
 POLYGON EMPTY
 POLYGON EMPTY
 MULTIPOINT EMPTY
 MULTIPOINT EMPTY
 MULTILINESTRING EMPTY
 MULTILINESTRING EMPTY
 LINESTRING EMPTY
 LINESTRING EMPTY
 LINESTRING EMPTY
 LINESTRING EMPTY
 POLYGON EMPTY
 POLYGON EMPTY
 POLYGON EMPTY
 POLYGON EMPTY
 MULTIPOINT EMPTY
 MULTIPOINT EMPTY
 MULTIPOINT EMPTY
 MULTIPOINT EMPTY
 MULTILINESTRING EMPTY
 MULTILINESTRING EMPTY
 MULTILINESTRING EMPTY
 MULTILINESTRING EMPTY
 LINESTRING EMPTY
 POLYGON EMPTY
 MULTIPOINT EMPTY
 MULTILINESTRING EMPTY
 LINESTRING EMPTY
 LINESTRING EMPTY
 LINESTRING EMPTY
 LINESTRING EMPTY
 POLYGON EMPTY
 POLYGON EMPTY
 POLYGON EMPTY
 POLYGON EMPTY
 MULTIPOINT EMPTY
 MULTIPOINT EMPTY
 MULTIPOINT EMPTY
 MULTIPOINT EMPTY
 MULTILINESTRING EMPTY
 MULTILINESTRING EMPTY
 MULTILINESTRING EMPTY
 MULTILINESTRING EMPTY
 LINESTRING EMPTY
 POLYGON EMPTY
 MULTIPOINT EMPTY
 MULTILINESTRING EMPTY
 MULTIPOLYGON EMPTY
 MULTIPOLYGON EMPTY
 MULTIPOLYGON EMPTY
 MULTIPOLYGON EMPTY
 MULTIPOLYGON EMPTY
 MULTIPOLYGON EMPTY
 MULTIPOLYGON EMPTY
 MULTIPOLYGON EMPTY
 MULTIPOLYGON EMPTY
 MULTIPOLYGON EMPTY
 MULTIPOLYGON EMPTY
 MULTIPOLYGON EMPTY
 MULTIPOLYGON EMPTY
 MULTIPOLYGON EMPTY
 MULTIPOLYGON EMPTY
 MULTIPOLYGON EMPTY
 MULTIPOLYGON EMPTY
 MULTIPOLYGON EMPTY
