400675.38992435
7367200.94658839
6537173.53496071
4447803.18938526
555270.66390488
8094402.76584462
6914556.24278991
15567311.1628484
10762952.1347286
13617708.72347
9927151.13052118
4447803.18938526
11426727.6715233
14462821.9970685
9984173.5857424
15567311.1628484
