LINEARRING (30 10, 40 40, 20 40, 10 20, 30 10)
LINEARRING (1 2, 3 4, 5 6, 1 2)
LINEARRING (1 1, 3 1, 3 3, 1 3, 1 1)
""
""
