 POINT(-30 -10)
 POLYGON((-30 -10,-40 -40,-20 -40,-10 -20,-30 -10))
 POLYGON((-1 -2,-3 -4,-5 -6,-1 -2))
 POLYGON((-1 -1,-3 -1,-3 -3,-1 -3,-1 -1))
 LINESTRING(-1 -1,-2 -2,-2 -3.5,-1 -3,-1 -2,-2 -1)
 LINESTRING(0 0,0 -2)
 LINESTRING(-77.29 -29.07,-77.42 -29.26,-77.27 -29.31,-77.29 -29.07)
 LINESTRING(-38.769917 -10.780694,-38.769917 -9.106194)
 MULTILINESTRING((0 0,-1 -1),(0 0,-1 -1,-2 -2))
 MULTILINESTRING Z ((0 0 0,-1 -1 1),(0 0 0,-1 -1 1,-2 -2 2))
 MULTILINESTRING((4.99999999999999 -45,-8 -36),(-1.00000000000001 -49,-15 -41))
 MULTIPOLYGON(((-40 -40,-20 -45,-45 -30,-40 -40)),((-20 -35,-10 -30,-10 -10,-30 -5,-45 -20,-20 -35),(-30 -20,-20 -15,-20 -25,-30 -20)))
 POINT(-1 -8)
 MULTIPOINT(-1 -1,-3 -4)
 MULTIPOINT(-3 -4)
 LINESTRING(-1 -1,-1 -2,-2 -3)
 LINESTRING(-1 -1,-1 -2,-2 -3,-1 -1)
 MULTILINESTRING((-1 -1,-1 -2),(-2 -4,-1 -9,-1 -8))
 MULTILINESTRING((-2 -4,-1 -9,-1 -8))
 MULTILINESTRING((-1 -1,-3 -4,-1 -1))
 POLYGON((-1 -1,-1 -2,-2 -2,-2 -1,-1 -1))
 POLYGON((0 0,0 -4,-2 -2,-4 -4,-4 0,0 0))
 POLYGON((0 0,0 -4,-4 -4,0 0))
 MULTIPOLYGON(((0 0,-1 1,-1 -1,2 -3,0 0)))
 MULTIPOLYGON(((-1 -1,-1 -2,-2 -2,-2 -1,-1 -1)),((0 0,-1 1,-1 -1,2 -3,0 0)))
