 MULTIPOLYGON(((8 2,8 1,1 1,1 8,2 8,2 2,8 2)),((8 2,8 8,2 8,2 9,9 9,9 2,8 2)))
 GEOMETRYCOLLECTION EMPTY
 POLYGON((1 1,1 5,5 5,3 3,2 3,2 2,1 1))
 POLYGON((3 3,2 3,2 2,1 1,1 5,5 5,3 3))
 POLYGON((1 1,1 7,8 7,8 1,1 1),(2 2,7 2,7 5,2 5,2 2))
 MULTIPOLYGON(((1 2,0 2,0 5,1 5,1 2)),((1 2,5 2,5 5,1 5,1 7,8 7,8 1,1 1,1 2)))
 POLYGON((-1 3,2 1,0 -3,-1 3),(0 2,0 -1,1 1,0 2))
 POLYGON((0 2,1 1,0 -1,0 2))
 GEOMETRYCOLLECTION EMPTY
 POLYGON((0 2,1 1,0 -1,0 2))
 POLYGON((0 2,1 1,0 -1,0 2))
 POLYGON((0 2,1 1,0 -1,0 2))
 GEOMETRYCOLLECTION EMPTY
 GEOMETRYCOLLECTION EMPTY
 GEOMETRYCOLLECTION(POINT(1 3),POINT(4 1),POLYGON((2 2,2 5,5 5,5 2,2 2)))
 MULTIPOLYGON(((4 2,4 1,1 1,1 4,2 4,2 2,4 2)),((4 2,4 4,2 4,2 5,5 5,5 2,4 2)))
 MULTIPOLYGON(((4 2,4 1,1 1,1 5,3 5,3 2,4 2)),((4 2,4 5,3 5,3 6,6 6,6 2,4 2)))
 LINESTRING(1 0,1 1,3 5)
 POLYGON((0 0,0 10,10 10,10 0,0 0))
 GEOMETRYCOLLECTION EMPTY
 MULTIPOINT(1 8,1 1,3 4)
 MULTIPOINT(1 1,3 4,1 8)
 GEOMETRYCOLLECTION EMPTY
 MULTIPOINT(1 8,3 4)
 GEOMETRYCOLLECTION(POINT(1 8),LINESTRING(1 1,1 2,2 3))
 GEOMETRYCOLLECTION(POINT(1 8),LINESTRING(1 1,1 2,2 3,1 1))
 MULTILINESTRING((1 1,1 2),(2 4,1 9,1 8))
 POINT(1 1)
 GEOMETRYCOLLECTION(POINT(3 4),LINESTRING(1 1,1 2,2 3))
 GEOMETRYCOLLECTION(POINT(3 4),LINESTRING(1 1,1 2,2 3,1 1))
 GEOMETRYCOLLECTION(POINT(3 4),LINESTRING(1 1,1 2),LINESTRING(2 4,1 9,1 8))
 LINESTRING(2 4,1 9,1 8)
 GEOMETRYCOLLECTION(POINT(1 8),LINESTRING(1 1,3 4,1 1))
 GEOMETRYCOLLECTION(POINT(1 1),POINT(3 4),LINESTRING(2 4,1 9,1 8))
 LINESTRING(1 1,3 4)
 GEOMETRYCOLLECTION(POINT(1 8),POLYGON((1 1,1 2,2 2,2 1,1 1)))
 GEOMETRYCOLLECTION(POINT(1 8),POLYGON((0 0,0 4,2 2,4 4,4 0,0 0)))
 GEOMETRYCOLLECTION(POINT(1 8),POLYGON((0 0,0 4,4 4,0 0)))
 GEOMETRYCOLLECTION(POINT(1 8),POLYGON((0 0,1 -1,1 1,-2 3,0 0)))
 GEOMETRYCOLLECTION(POINT(3 4),POLYGON((1 1,1 2,2 2,2 1,1 1)))
 GEOMETRYCOLLECTION(POINT(3 4),POLYGON((0 0,0 4,2 2,4 4,4 0,0 0)))
 POLYGON((0 0,0 4,4 4,0 0))
 GEOMETRYCOLLECTION(POINT(3 4),POLYGON((0 0,-2 3,1 1,1 -1,0 0)))
 GEOMETRYCOLLECTION(POINT(1 8),POLYGON((1 1,1 2,2 2,2 1,1 1)),POLYGON((0 0,1 -1,1 1,-2 3,0 0)))
 GEOMETRYCOLLECTION(POINT(3 4),POLYGON((1 1,1 2,2 2,2 1,1 1)),POLYGON((1 1,1 -1,0 0,-2 3,1 1)))
 POINT(1 8)
 POINT(1 8)
 POINT(1 8)
 POINT(1 8)
 MULTIPOINT(1 1,3 4)
 MULTIPOINT(1 1,3 4)
 MULTIPOINT(1 1,3 4)
 MULTIPOINT(1 1,3 4)
 POINT(1 8)
 MULTIPOINT(1 1,3 4)
 MULTIPOINT(3 4,1 8)
 POINT(1 1)
 GEOMETRYCOLLECTION(LINESTRING(1 1,1 2,2 3),POINT(1 8))
 GEOMETRYCOLLECTION(POINT(3 4),LINESTRING(1 1,1 2,2 3))
 GEOMETRYCOLLECTION(LINESTRING(1 1,1 2,2 3,1 1),POINT(1 8))
 GEOMETRYCOLLECTION(POINT(3 4),LINESTRING(1 1,1 2,2 3,1 1))
 MULTILINESTRING((1 1,1 2),(2 4,1 9,1 8))
 GEOMETRYCOLLECTION(POINT(3 4),LINESTRING(1 1,1 2),LINESTRING(2 4,1 9,1 8))
 GEOMETRYCOLLECTION EMPTY
 GEOMETRYCOLLECTION(POINT(3 4),LINESTRING(1 1,1 2,2 3))
 GEOMETRYCOLLECTION(POINT(3 4),LINESTRING(1 1,1 2,2 3,1 1))
 GEOMETRYCOLLECTION(POINT(3 4),LINESTRING(1 1,1 2),LINESTRING(2 4,1 9,1 8))
 GEOMETRYCOLLECTION(LINESTRING(1 1,1 2,2 3),POINT(3 4))
 GEOMETRYCOLLECTION EMPTY
 LINESTRING(2 3,1 1)
 MULTILINESTRING((1 2,2 3),(2 4,1 9,1 8))
 GEOMETRYCOLLECTION(LINESTRING(1 1,1 2,2 3,1 1),POINT(3 4))
 LINESTRING(2 3,1 1)
 GEOMETRYCOLLECTION EMPTY
 MULTILINESTRING((1 2,2 3,1 1),(2 4,1 9,1 8))
 GEOMETRYCOLLECTION(LINESTRING(1 1,1 2),LINESTRING(2 4,1 9,1 8),POINT(3 4))
 MULTILINESTRING((2 4,1 9,1 8),(1 2,2 3))
 MULTILINESTRING((2 4,1 9,1 8),(1 2,2 3,1 1))
 GEOMETRYCOLLECTION EMPTY
 GEOMETRYCOLLECTION(POINT(3 4),LINESTRING(2 4,1 9,1 8))
 LINESTRING(1 1,3 4)
 MULTILINESTRING((1 1,1 2,2 3),(2 4,1 9,1 8))
 MULTILINESTRING((1 1,1 2,2 3),(1 1,3 4))
 MULTILINESTRING((1 1,1 2,2 3,1 1),(2 4,1 9,1 8))
 MULTILINESTRING((1 1,1 2,2 3,1 1),(1 1,3 4))
 LINESTRING(1 1,1 2)
 MULTILINESTRING((1 1,1 2),(2 4,1 9,1 8),(1 1,3 4))
 GEOMETRYCOLLECTION(POINT(3 4),POLYGON((1 1,1 2,2 2,2 1,1 1)))
 GEOMETRYCOLLECTION(POINT(3 4),POLYGON((0 0,0 4,2 2,4 4,4 0,0 0)))
 POLYGON((0 0,0 4,4 4,0 0))
 GEOMETRYCOLLECTION(POINT(3 4),POLYGON((0 0,1 -1,1 1,-2 3,0 0)))
 GEOMETRYCOLLECTION(LINESTRING(1 2,2 3),POLYGON((1 1,1 2,2 2,2 1,1 1)))
 GEOMETRYCOLLECTION(LINESTRING(1.5 2.5,2 3),POLYGON((0 0,0 4,1.5 2.5,2 2,4 4,4 0,0 0)))
 POLYGON((0 0,0 4,4 4,1 1,0 0))
 GEOMETRYCOLLECTION(LINESTRING(1 1,1 2,2 3),POLYGON((1 1,1 -1,0 0,-2 3,1 1)))
 GEOMETRYCOLLECTION(LINESTRING(1 2,2 3,1.5 2),POLYGON((1 1,1 2,1.5 2,2 2,2 1,1 1)))
 GEOMETRYCOLLECTION(LINESTRING(1.5 2.5,2 3,1.66666666666667 2.33333333333333),POLYGON((0 0,0 4,1.5 2.5,1.66666666666667 2.33333333333333,2 2,4 4,4 0,0 0)))
 POLYGON((0 0,0 4,4 4,1 1,0 0))
 GEOMETRYCOLLECTION(LINESTRING(1 1,1 2,2 3,1 1),POLYGON((1 1,1 -1,0 0,-2 3,1 1)))
 GEOMETRYCOLLECTION(LINESTRING(2 4,1 9,1 8),POLYGON((1 1,1 2,2 2,2 1,1 1)))
 GEOMETRYCOLLECTION(LINESTRING(2 4,1 9,1 8),POLYGON((0 0,0 4,2 2,4 4,4 0,0 0)))
 GEOMETRYCOLLECTION(LINESTRING(2 4,1 9,1 8),POLYGON((0 0,0 4,2 4,4 4,1 1,0 0)))
 GEOMETRYCOLLECTION(LINESTRING(1 1,1 2),LINESTRING(2 4,1 9,1 8),POLYGON((1 1,1 -1,0 0,-2 3,1 1)))
 GEOMETRYCOLLECTION(POINT(3 4),POLYGON((1 1,1 2,2 2,2 1,1 1)),POLYGON((0 0,1 -1,1 1,-2 3,0 0)))
 GEOMETRYCOLLECTION(LINESTRING(1 2,2 3),POLYGON((1 1,1 2,2 2,2 1,1 1)),POLYGON((1 1,1 -1,0 0,-2 3,1 1)))
 GEOMETRYCOLLECTION(LINESTRING(1 2,2 3,1.5 2),POLYGON((1 1,1 2,1.5 2,2 2,2 1,1 1)),POLYGON((1 1,1 -1,0 0,-2 3,1 1)))
 GEOMETRYCOLLECTION(LINESTRING(2 4,1 9,1 8),POLYGON((1 1,1 2,2 2,2 1,1 1)),POLYGON((1 1,1 -1,0 0,-2 3,1 1)))
 MULTIPOINT(3 4)
 MULTIPOINT(3 4)
 MULTIPOINT(3 4)
 MULTIPOINT(3 4)
 LINESTRING(1 1,1 2,2 3)
 LINESTRING(1 1,1 2,2 3)
 LINESTRING(1 1,1 2,2 3)
 LINESTRING(1 1,1 2,2 3)
 LINESTRING(1 1,1 2,2 3,1 1)
 LINESTRING(1 1,1 2,2 3,1 1)
 LINESTRING(1 1,1 2,2 3,1 1)
 LINESTRING(1 1,1 2,2 3,1 1)
 MULTILINESTRING((1 1,1 2),(2 4,1 9,1 8))
 MULTILINESTRING((1 1,1 2),(2 4,1 9,1 8))
 MULTILINESTRING((1 1,1 2),(2 4,1 9,1 8))
 MULTILINESTRING((1 1,1 2),(2 4,1 9,1 8))
 MULTIPOINT(3 4)
 LINESTRING(1 1,1 2,2 3)
 LINESTRING(1 1,1 2,2 3,1 1)
 MULTILINESTRING((1 1,1 2),(2 4,1 9,1 8))
 LINESTRING(2 4,1 9,1 8)
 GEOMETRYCOLLECTION(POINT(1 1),POINT(3 4),LINESTRING(2 4,1 9,1 8))
 GEOMETRYCOLLECTION(LINESTRING(1 1,3 4,1 1),POINT(1 8))
 LINESTRING(1 1,3 4)
 GEOMETRYCOLLECTION(LINESTRING(2 4,1 9,1 8),POINT(3 4))
 MULTILINESTRING((2 4,1 9,1 8),(1 1,1 2,2 3))
 MULTILINESTRING((2 4,1 9,1 8),(1 1,1 2,2 3,1 1))
 LINESTRING(1 1,1 2)
 LINESTRING(1 1,3 4)
 MULTILINESTRING((1 1,3 4),(1 1,1 2,2 3))
 MULTILINESTRING((1 1,3 4),(1 1,1 2,2 3,1 1))
 MULTILINESTRING((1 1,3 4),(1 1,1 2),(2 4,1 9,1 8))
 GEOMETRYCOLLECTION EMPTY
 MULTILINESTRING((2 4,1 9,1 8),(1 1,3 4))
 MULTILINESTRING((1 1,3 4),(2 4,1 9,1 8))
 GEOMETRYCOLLECTION EMPTY
 GEOMETRYCOLLECTION(LINESTRING(2 4,1 9,1 8),POLYGON((1 1,1 2,2 2,2 1,1 1)))
 GEOMETRYCOLLECTION(LINESTRING(2 4,1 9,1 8),POLYGON((0 0,0 4,2 2,4 4,4 0,0 0)))
 GEOMETRYCOLLECTION(LINESTRING(2 4,1 9,1 8),POLYGON((0 0,0 4,2 4,4 4,0 0)))
 GEOMETRYCOLLECTION(LINESTRING(2 4,1 9,1 8),POLYGON((0 0,1 -1,1 1,-2 3,0 0)))
 GEOMETRYCOLLECTION(LINESTRING(1.66666666666667 2,3 4),POLYGON((1 1,1 2,1.66666666666667 2,2 2,2 1,1 1)))
 GEOMETRYCOLLECTION(LINESTRING(1.8 2.2,3 4),POLYGON((0 0,0 4,1.8 2.2,2 2,4 4,4 0,0 0)))
 POLYGON((0 0,0 4,3 4,4 4,1 1,0 0))
 GEOMETRYCOLLECTION(LINESTRING(1 1,3 4),POLYGON((1 1,1 -1,0 0,-2 3,1 1)))
 GEOMETRYCOLLECTION(LINESTRING(2 4,1 9,1 8),POLYGON((1 1,1 2,2 2,2 1,1 1)),POLYGON((0 0,1 -1,1 1,-2 3,0 0)))
 GEOMETRYCOLLECTION(LINESTRING(1.66666666666667 2,3 4),POLYGON((1 1,1 2,1.66666666666667 2,2 2,2 1,1 1)),POLYGON((1 1,1 -1,0 0,-2 3,1 1)))
 MULTILINESTRING((2 4,1 9,1 8))
 MULTILINESTRING((2 4,1 9,1 8))
 MULTILINESTRING((2 4,1 9,1 8))
 MULTILINESTRING((2 4,1 9,1 8))
 MULTILINESTRING((1 1,3 4,1 1))
 MULTILINESTRING((1 1,3 4,1 1))
 MULTILINESTRING((1 1,3 4,1 1))
 MULTILINESTRING((1 1,3 4,1 1))
 MULTILINESTRING((2 4,1 9,1 8))
 MULTILINESTRING((1 1,3 4,1 1))
 GEOMETRYCOLLECTION(POLYGON((1 1,1 2,2 2,2 1,1 1)),POINT(1 8))
 GEOMETRYCOLLECTION(POINT(3 4),POLYGON((1 1,1 2,2 2,2 1,1 1)))
 GEOMETRYCOLLECTION(POLYGON((0 0,0 4,2 2,4 4,4 0,0 0)),POINT(1 8))
 GEOMETRYCOLLECTION(POINT(3 4),POLYGON((0 0,0 4,2 2,4 4,4 0,0 0)))
 GEOMETRYCOLLECTION(POLYGON((0 0,0 4,4 4,0 0)),POINT(1 8))
 POLYGON((0 0,0 4,4 4,0 0))
 GEOMETRYCOLLECTION(POLYGON((0 0,1 -1,1 1,-2 3,0 0)),POINT(1 8))
 GEOMETRYCOLLECTION(POINT(3 4),POLYGON((0 0,-2 3,1 1,1 -1,0 0)))
 GEOMETRYCOLLECTION(POLYGON((1 1,1 2,2 2,2 1,1 1)),POINT(3 4))
 GEOMETRYCOLLECTION(LINESTRING(1 2,2 3),POLYGON((1 1,1 2,2 2,2 1,1 1)))
 GEOMETRYCOLLECTION(LINESTRING(1 2,2 3,1.5 2),POLYGON((1 1,1 2,1.5 2,2 2,2 1,1 1)))
 GEOMETRYCOLLECTION(LINESTRING(2 4,1 9,1 8),POLYGON((1 1,1 2,2 2,2 1,1 1)))
 GEOMETRYCOLLECTION(POINT(3 4),POLYGON((0 0,0 4,2 2,4 4,4 0,0 0)))
 GEOMETRYCOLLECTION(LINESTRING(1.5 2.5,2 3),POLYGON((0 0,0 4,1.5 2.5,2 2,4 4,4 0,0 0)))
 GEOMETRYCOLLECTION(LINESTRING(1.5 2.5,2 3,1.66666666666667 2.33333333333333),POLYGON((0 0,0 4,1.5 2.5,1.66666666666667 2.33333333333333,2 2,4 4,4 0,0 0)))
 GEOMETRYCOLLECTION(LINESTRING(2 4,1 9,1 8),POLYGON((0 0,0 4,2 2,4 4,4 0,0 0)))
 POLYGON((0 0,0 4,4 4,0 0))
 POLYGON((0 0,0 4,4 4,1 1,0 0))
 POLYGON((0 0,0 4,4 4,1 1,0 0))
 GEOMETRYCOLLECTION(LINESTRING(2 4,1 9,1 8),POLYGON((0 0,0 4,2 4,4 4,1 1,0 0)))
 GEOMETRYCOLLECTION(POLYGON((0 0,1 -1,1 1,-2 3,0 0)),POINT(3 4))
 GEOMETRYCOLLECTION(LINESTRING(1 1,1 2,2 3),POLYGON((1 1,1 -1,0 0,-2 3,1 1)))
 GEOMETRYCOLLECTION(LINESTRING(1 1,1 2,2 3,1 1),POLYGON((1 1,1 -1,0 0,-2 3,1 1)))
 GEOMETRYCOLLECTION(LINESTRING(1 1,1 2),LINESTRING(2 4,1 9,1 8),POLYGON((1 1,1 -1,0 0,-2 3,1 1)))
 GEOMETRYCOLLECTION(POLYGON((1 1,1 2,2 2,2 1,1 1)),LINESTRING(2 4,1 9,1 8))
 GEOMETRYCOLLECTION(LINESTRING(1.66666666666667 2,3 4),POLYGON((1 1,1 2,1.66666666666667 2,2 2,2 1,1 1)))
 GEOMETRYCOLLECTION(LINESTRING(2 4,1 9,1 8),POLYGON((0 0,0 4,2 2,4 4,4 0,0 0)))
 GEOMETRYCOLLECTION(LINESTRING(1.8 2.2,3 4),POLYGON((0 0,0 4,1.8 2.2,2 2,4 4,4 0,0 0)))
 GEOMETRYCOLLECTION(LINESTRING(2 4,1 9,1 8),POLYGON((0 0,0 4,2 4,4 4,0 0)))
 POLYGON((0 0,0 4,3 4,4 4,1 1,0 0))
 GEOMETRYCOLLECTION(POLYGON((0 0,1 -1,1 1,-2 3,0 0)),LINESTRING(2 4,1 9,1 8))
 GEOMETRYCOLLECTION(LINESTRING(1 1,3 4),POLYGON((1 1,1 -1,0 0,-2 3,1 1)))
 GEOMETRYCOLLECTION EMPTY
 POLYGON((2 2,4 4,4 0,0 0,0 4,2 2),(2 2,1 2,1 1,2 1,2 2))
 MULTIPOLYGON(((2 2,1 2,1 1,0 0,0 4,4 4,2 2)),((2 2,2 1,1 1,2 2)))
 MULTIPOLYGON(((1 1,1 2,2 2,2 1,1 1)),((1 1,1 -1,0 0,-2 3,1 1)))
 POLYGON((0 0,0 4,2 2,4 4,4 0,0 0),(2 2,1 2,1 1,2 1,2 2))
 GEOMETRYCOLLECTION EMPTY
 POLYGON((2 2,0 4,4 4,4 0,0 0,2 2))
 MULTIPOLYGON(((0 1.66666666666667,0 0,-2 3,0 1.66666666666667)),((0 1.66666666666667,0 4,2 2,4 4,4 0,1 0,1 1,0 1.66666666666667)),((0 0,1 0,1 -1,0 0)))
 MULTIPOLYGON(((0 0,0 4,4 4,2 2,1 2,1 1,0 0)),((1 1,2 2,2 1,1 1)))
 POLYGON((0 4,4 4,4 0,0 0,2 2,0 4))
 GEOMETRYCOLLECTION EMPTY
 MULTIPOLYGON(((0 1.66666666666667,0 0,-2 3,0 1.66666666666667)),((0 1.66666666666667,0 4,4 4,1 1,0 1.66666666666667)),((0 0,1 1,1 -1,0 0)))
 MULTIPOLYGON(((1 1,1 -1,0 0,-2 3,1 1)),((1 1,1 2,2 2,2 1,1 1)))
 MULTIPOLYGON(((1 0,1 -1,0 0,1 0)),((1 0,1 1,0 1.66666666666667,0 4,2 2,4 4,4 0,1 0)),((0 0,-2 3,0 1.66666666666667,0 0)))
 MULTIPOLYGON(((1 1,1 -1,0 0,1 1)),((1 1,0 1.66666666666667,0 4,4 4,1 1)),((0 0,-2 3,0 1.66666666666667,0 0)))
 GEOMETRYCOLLECTION EMPTY
 POLYGON((1 1,1 -1,0 0,-2 3,1 1))
 MULTIPOLYGON(((0 1.66666666666667,0 0,-2 3,0 1.66666666666667)),((0 1.66666666666667,0 4,2 2,1 2,1 1,0 1.66666666666667)),((2 2,4 4,4 0,1 0,1 1,2 1,2 2)),((0 0,1 0,1 -1,0 0)))
 MULTIPOLYGON(((0 1.66666666666667,0 0,-2 3,0 1.66666666666667)),((0 1.66666666666667,0 4,4 4,2 2,1 2,1 1,0 1.66666666666667)),((1 1,2 2,2 1,1 1)),((0 0,1 1,1 -1,0 0)))
 POLYGON((1 1,1 2,2 2,2 1,1 1))
 POLYGON((1 1,1 2,2 2,2 1,1 1))
 POLYGON((1 1,1 2,2 2,2 1,1 1))
 POLYGON((1 1,1 2,2 2,2 1,1 1))
 POLYGON((1 1,1 2,2 2,2 1,1 1))
 POLYGON((0 0,0 4,2 2,4 4,4 0,0 0))
 POLYGON((0 0,0 4,2 2,4 4,4 0,0 0))
 POLYGON((0 0,0 4,2 2,4 4,4 0,0 0))
 POLYGON((0 0,0 4,2 2,4 4,4 0,0 0))
 POLYGON((0 0,0 4,4 4,0 0))
 POLYGON((0 0,0 4,4 4,0 0))
 POLYGON((0 0,0 4,4 4,0 0))
 POLYGON((0 0,0 4,4 4,0 0))
 MULTIPOLYGON(((0 0,1 -1,1 1,-2 3,0 0)))
 MULTIPOLYGON(((0 0,1 -1,1 1,-2 3,0 0)))
 MULTIPOLYGON(((0 0,1 -1,1 1,-2 3,0 0)))
 MULTIPOLYGON(((0 0,1 -1,1 1,-2 3,0 0)))
 POLYGON((1 1,1 2,2 2,2 1,1 1))
 POLYGON((0 0,0 4,2 2,4 4,4 0,0 0))
 POLYGON((0 0,0 4,4 4,0 0))
 MULTIPOLYGON(((0 0,1 -1,1 1,-2 3,0 0)))
 GEOMETRYCOLLECTION(POLYGON((1 1,1 2,2 2,2 1,1 1)),POLYGON((0 0,1 -1,1 1,-2 3,0 0)),POINT(1 8))
 GEOMETRYCOLLECTION(POINT(3 4),POLYGON((1 1,1 2,2 2,2 1,1 1)),POLYGON((1 1,1 -1,0 0,-2 3,1 1)))
 GEOMETRYCOLLECTION(POLYGON((1 1,1 2,2 2,2 1,1 1)),POLYGON((0 0,1 -1,1 1,-2 3,0 0)),POINT(3 4))
 GEOMETRYCOLLECTION(LINESTRING(1 2,2 3),POLYGON((1 1,1 2,2 2,2 1,1 1)),POLYGON((1 1,1 -1,0 0,-2 3,1 1)))
 GEOMETRYCOLLECTION(LINESTRING(1 2,2 3,1.5 2),POLYGON((1 1,1 2,1.5 2,2 2,2 1,1 1)),POLYGON((1 1,1 -1,0 0,-2 3,1 1)))
 GEOMETRYCOLLECTION(LINESTRING(2 4,1 9,1 8),POLYGON((1 1,1 2,2 2,2 1,1 1)),POLYGON((1 1,1 -1,0 0,-2 3,1 1)))
 GEOMETRYCOLLECTION(POLYGON((1 1,1 2,2 2,2 1,1 1)),POLYGON((0 0,1 -1,1 1,-2 3,0 0)),LINESTRING(2 4,1 9,1 8))
 GEOMETRYCOLLECTION(LINESTRING(1.66666666666667 2,3 4),POLYGON((1 1,1 2,1.66666666666667 2,2 2,2 1,1 1)),POLYGON((1 1,1 -1,0 0,-2 3,1 1)))
 POLYGON((1 1,1 -1,0 0,-2 3,1 1))
 MULTIPOLYGON(((2 2,1 2,1 1,0 1.66666666666667,0 4,2 2)),((1 1,2 1,2 2,4 4,4 0,1 0,1 1)),((1 0,1 -1,0 0,1 0)),((0 0,-2 3,0 1.66666666666667,0 0)))
 MULTIPOLYGON(((2 2,1 2,1 1,0 1.66666666666667,0 4,4 4,2 2)),((2 2,2 1,1 1,2 2)),((1 1,1 -1,0 0,1 1)),((0 0,-2 3,0 1.66666666666667,0 0)))
 POLYGON((1 1,1 2,2 2,2 1,1 1))
 GEOMETRYCOLLECTION EMPTY
 MULTIPOLYGON(((1 1,1 2,2 2,2 1,1 1)),((0 0,1 -1,1 1,-2 3,0 0)))
 MULTIPOLYGON(((1 1,1 2,2 2,2 1,1 1)),((0 0,1 -1,1 1,-2 3,0 0)))
 MULTIPOLYGON(((1 1,1 2,2 2,2 1,1 1)),((0 0,1 -1,1 1,-2 3,0 0)))
 MULTIPOLYGON(((1 1,1 2,2 2,2 1,1 1)),((0 0,1 -1,1 1,-2 3,0 0)))
 MULTIPOLYGON(((1 1,1 2,2 2,2 1,1 1)),((0 0,1 -1,1 1,-2 3,0 0)))
 POINT(1 8)
 MULTIPOINT(1 1,3 4)
 POINT(1 8)
 MULTIPOINT(1 1,3 4)
 POINT(1 8)
 MULTIPOINT(1 1,3 4)
 POINT(1 8)
 MULTIPOINT(1 1,3 4)
 MULTIPOINT(3 4)
 LINESTRING(1 1,1 2,2 3)
 LINESTRING(1 1,1 2,2 3,1 1)
 MULTILINESTRING((1 1,1 2),(2 4,1 9,1 8))
 MULTIPOINT(3 4)
 LINESTRING(1 1,1 2,2 3)
 LINESTRING(1 1,1 2,2 3,1 1)
 MULTILINESTRING((1 1,1 2),(2 4,1 9,1 8))
 MULTIPOINT(3 4)
 LINESTRING(1 1,1 2,2 3)
 LINESTRING(1 1,1 2,2 3,1 1)
 MULTILINESTRING((1 1,1 2),(2 4,1 9,1 8))
 MULTIPOINT(3 4)
 LINESTRING(1 1,1 2,2 3)
 LINESTRING(1 1,1 2,2 3,1 1)
 MULTILINESTRING((1 1,1 2),(2 4,1 9,1 8))
 MULTILINESTRING((2 4,1 9,1 8))
 MULTILINESTRING((1 1,3 4,1 1))
 MULTILINESTRING((2 4,1 9,1 8))
 MULTILINESTRING((1 1,3 4,1 1))
 MULTILINESTRING((2 4,1 9,1 8))
 MULTILINESTRING((1 1,3 4,1 1))
 MULTILINESTRING((2 4,1 9,1 8))
 MULTILINESTRING((1 1,3 4,1 1))
 POLYGON((1 1,1 2,2 2,2 1,1 1))
 POLYGON((0 0,0 4,2 2,4 4,4 0,0 0))
 POLYGON((0 0,0 4,4 4,0 0))
 MULTIPOLYGON(((0 0,1 -1,1 1,-2 3,0 0)))
 POLYGON((1 1,1 2,2 2,2 1,1 1))
 POLYGON((0 0,0 4,2 2,4 4,4 0,0 0))
 POLYGON((0 0,0 4,4 4,0 0))
 MULTIPOLYGON(((0 0,1 -1,1 1,-2 3,0 0)))
 POLYGON((1 1,1 2,2 2,2 1,1 1))
 POLYGON((0 0,0 4,2 2,4 4,4 0,0 0))
 POLYGON((0 0,0 4,4 4,0 0))
 MULTIPOLYGON(((0 0,1 -1,1 1,-2 3,0 0)))
 POLYGON((1 1,1 2,2 2,2 1,1 1))
 POLYGON((0 0,0 4,2 2,4 4,4 0,0 0))
 POLYGON((0 0,0 4,4 4,0 0))
 MULTIPOLYGON(((0 0,1 -1,1 1,-2 3,0 0)))
 MULTIPOLYGON(((1 1,1 2,2 2,2 1,1 1)),((0 0,1 -1,1 1,-2 3,0 0)))
 MULTIPOLYGON(((1 1,1 2,2 2,2 1,1 1)),((0 0,1 -1,1 1,-2 3,0 0)))
 MULTIPOLYGON(((1 1,1 2,2 2,2 1,1 1)),((0 0,1 -1,1 1,-2 3,0 0)))
 MULTIPOLYGON(((1 1,1 2,2 2,2 1,1 1)),((0 0,1 -1,1 1,-2 3,0 0)))
 LINESTRING EMPTY
 LINESTRING EMPTY
 LINESTRING EMPTY
 LINESTRING EMPTY
 POLYGON EMPTY
 POLYGON EMPTY
 POLYGON EMPTY
 POLYGON EMPTY
 MULTIPOINT EMPTY
 MULTIPOINT EMPTY
 MULTIPOINT EMPTY
 MULTIPOINT EMPTY
 MULTILINESTRING EMPTY
 MULTILINESTRING EMPTY
 MULTILINESTRING EMPTY
 MULTILINESTRING EMPTY
 LINESTRING EMPTY
 POLYGON EMPTY
 MULTIPOINT EMPTY
 MULTILINESTRING EMPTY
 POINT(1 8)
 MULTIPOINT(1 1,3 4)
 MULTIPOINT(3 4)
 LINESTRING(1 1,1 2,2 3)
 LINESTRING(1 1,1 2,2 3,1 1)
 MULTILINESTRING((1 1,1 2),(2 4,1 9,1 8))
 MULTILINESTRING((2 4,1 9,1 8))
 MULTILINESTRING((1 1,3 4,1 1))
 POLYGON((1 1,1 2,2 2,2 1,1 1))
 POLYGON((0 0,0 4,2 2,4 4,4 0,0 0))
 POLYGON((0 0,0 4,4 4,0 0))
 MULTIPOLYGON(((0 0,1 -1,1 1,-2 3,0 0)))
 MULTIPOLYGON(((1 1,1 2,2 2,2 1,1 1)),((0 0,1 -1,1 1,-2 3,0 0)))
 MULTIPOLYGON EMPTY
 MULTIPOLYGON EMPTY
 MULTIPOLYGON EMPTY
 MULTIPOLYGON EMPTY
 MULTIPOLYGON EMPTY
