POINT(3339584.72379821 1118889.97485796)
POLYGON((3339584.72379821 1118889.97485796,4452779.63173094 4865942.27950318,2226389.81586547 4865942.27950318,1113194.90793273 2273030.92698769,3339584.72379821 1118889.97485796))
POLYGON((111319.490793272 111325.142866385,333958.47237982 111325.142866385,333958.47237982 334111.17140196,111319.490793272 334111.17140196,111319.490793272 111325.142866385))
LINESTRING(111319.490793272 111325.142866385,222638.981586547 222684.208505545,222638.981586547 389860.758254196,111319.490793272 334111.17140196,111319.490793272 222684.208505545,222638.981586547 111325.142866385)
LINESTRING(0 -7.08115455161362e-10,0 222684.208505545)
MULTIPOINT(0 -7.08115455161362e-10,779236.435552915 781182.214188248)
POLYGON EMPTY
LINESTRING EMPTY
MULTIPOLYGON EMPTY
MULTILINESTRING EMPTY
MULTIPOINT EMPTY
LINESTRING(4315847.41853748 1207246.02489456,4315847.41853748 1017991.64472504)
MULTILINESTRING((0 -7.08115455161362e-10,111319.490793272 111325.142866385),(0 -7.08115455161362e-10,111319.490793272 111325.142866385,222638.981586547 222684.208505545))
MULTIPOINT(111319.490793272 222684.208505545,222638.981586547 334111.17140196)
MULTIPOINT(111319.490793272 222684.208505545,222638.981586547 334111.17140196,111319.490793272 222684.208505545,445277.963173095 669141.057044245)
MULTILINESTRING((111319.490793272 111325.142866385,111319.490793272 222684.208505545),(222638.981586547 445640.109656027,111319.490793272 1006021.06275513,111319.490793272 893463.751012645))
MULTILINESTRING((111319.490793272 111325.142866385,111319.490793272 222684.208505545),(111319.490793272 111325.142866385,111319.490793272 222684.208505545))
MULTIPOLYGON(((0 -7.08115455161362e-10,445277.963173095 -7.08115455161362e-10,445277.963173095 445640.109656027,0 445640.109656027,0 -7.08115455161362e-10)),((111319.490793272 893463.751012645,222638.981586547 893463.751012645,222638.981586547 1006021.06275513,111319.490793272 1006021.06275513,111319.490793272 893463.751012645)),((667916.944759642 669141.057044245,667916.944759642 1345708.40840911,1335833.88951928 1345708.40840911,1335833.88951928 669141.057044245,667916.944759642 669141.057044245),(779236.435552915 781182.214188248,779236.435552915 893463.751012645,890555.92634619 893463.751012645,890555.92634619 781182.214188248,779236.435552915 781182.214188248)))
MULTIPOINT(111319.490793272 222684.208505545,222638.981586547 334111.17140196,111319.490793272 222684.208505545,445277.963173095 669141.057044245,222638.981586547 222684.208505545,111319.490793272 669141.057044245)
LINESTRING(111319.490793272 222684.208505545,222638.981586547 334111.17140196,111319.490793272 222684.208505545,445277.963173095 669141.057044245,222638.981586547 222684.208505545,111319.490793272 669141.057044245)
POINT(111319.490793272 893463.751012645)
MULTIPOINT(111319.490793272 111325.142866385,333958.47237982 445640.109656027)
MULTIPOINT(333958.47237982 445640.109656027)
LINESTRING(111319.490793272 111325.142866385,111319.490793272 222684.208505545,222638.981586547 334111.17140196)
LINESTRING(111319.490793272 111325.142866385,111319.490793272 222684.208505545,222638.981586547 334111.17140196,111319.490793272 111325.142866385)
MULTILINESTRING((111319.490793272 111325.142866385,111319.490793272 222684.208505545),(222638.981586547 445640.109656027,111319.490793272 1006021.06275513,111319.490793272 893463.751012645))
MULTILINESTRING((222638.981586547 445640.109656027,111319.490793272 1006021.06275513,111319.490793272 893463.751012645))
MULTILINESTRING((111319.490793272 111325.142866385,333958.47237982 445640.109656027,111319.490793272 111325.142866385))
POLYGON((111319.490793272 111325.142866385,111319.490793272 222684.208505545,222638.981586547 222684.208505545,222638.981586547 111325.142866385,111319.490793272 111325.142866385))
POLYGON((0 -7.08115455161362e-10,0 445640.109656027,222638.981586547 222684.208505545,445277.963173095 445640.109656027,445277.963173095 -7.08115455161362e-10,0 -7.08115455161362e-10))
POLYGON((0 -7.08115455161362e-10,0 445640.109656027,445277.963173095 445640.109656027,0 -7.08115455161362e-10))
MULTIPOLYGON(((0 -7.08115455161362e-10,111319.490793272 -111325.142866386,111319.490793272 111325.142866385,-222638.981586547 334111.17140196,0 -7.08115455161362e-10)))
MULTIPOLYGON(((111319.490793272 111325.142866385,111319.490793272 222684.208505545,222638.981586547 222684.208505545,222638.981586547 111325.142866385,111319.490793272 111325.142866385)),((0 -7.08115455161362e-10,111319.490793272 -111325.142866386,111319.490793272 111325.142866385,-222638.981586547 334111.17140196,0 -7.08115455161362e-10)))
