POINT (34 14)
POLYGON((34 14,44 44,24 44,14 24,34 14))
POLYGON((5 5,7 5,7 7,5 7,5 5))
LINESTRING(5 5,6 6,6 7.5,5 7,5 6,6 5)
LINESTRING(4 4,4 6)
LINESTRING(81.29 33.07,81.42 33.26,81.27 33.31,81.29 33.07)
POLYGON EMPTY
LINESTRING EMPTY
MULTIPOLYGON EMPTY
MULTILINESTRING EMPTY
MULTIPOINT EMPTY
LINESTRING(42.769917 14.780694,42.769917 13.106194)
MULTILINESTRING((4 4,5 5),(4 4,5 5,6 6))
MULTILINESTRING Z ((4 4 0,5 5 1),(4 4 0,5 5 1,6 6 2))
POINT(5 12)
MULTIPOINT(5 5,7 8)
MULTIPOINT(7 8)
LINESTRING(5 5,5 6,6 7)
LINESTRING(5 5,5 6,6 7,5 5)
MULTILINESTRING((5 5,5 6),(6 8,5 13,5 12))
MULTILINESTRING((6 8,5 13,5 12))
MULTILINESTRING((5 5,7 8,5 5))
POLYGON((5 5,5 6,6 6,6 5,5 5))
POLYGON((4 4,4 8,6 6,8 8,8 4,4 4))
POLYGON((4 4,4 8,8 8,4 4))
MULTIPOLYGON(((4 4,5 3,5 5,2 7,4 4)))
MULTIPOLYGON(((5 5,5 6,6 6,6 5,5 5)),((4 4,5 3,5 5,2 7,4 4)))
