GEOMETRYCOLLECTION (LINESTRING (-5 45, 8 36), LINESTRING (1 49, 15 41), LINESTRING (2 4, 1 9), LINESTRING (1 9, 1 8), LINESTRING (90 190, 120 190, 82.78481012658227 120.88607594936708), LINESTRING (82.78481012658227 120.88607594936708, 50 60, 130 10, 190 50, 160 90, 82.78481012658227 120.88607594936708), LINESTRING (82.78481012658227 120.88607594936708, 10 150, 90 190), POLYGON ((0 1.6666666666666667, 0 4, 2 4, 3 4, 4 4, 4 0, 1 0, 1 -1, 0 0, -2 3, 0 1.6666666666666667)), POLYGON ((5 1, 5 2, 7 2, 7 1, 5 1)), POINT (10 0)) 
