POINT (-30 -9.999999999999996)
POLYGON ((-30 -9.999999999999996, -40.00000000000001 -39.99999999999999, -20.000000000000004 -40, -10.000000000000002 -20, -30 -9.999999999999996))
POLYGON ((-1.0000000000000002 -1.9999999999999998, -3.0000000000000004 -3.9999999999999996, -5.000000000000001 -5.999999999999999, -1.0000000000000002 -1.9999999999999998))
POLYGON ((-1.0000000000000002 -0.9999999999999999, -3 -0.9999999999999997, -3.0000000000000004 -2.9999999999999996, -1.0000000000000004 -3, -1.0000000000000002 -0.9999999999999999))
LINESTRING (-1.0000000000000002 -0.9999999999999999, -2.0000000000000004 -1.9999999999999998, -2.0000000000000004 -3.4999999999999996, -1.0000000000000004 -3, -1.0000000000000002 -1.9999999999999998, -2 -0.9999999999999998)
LINESTRING (0 0, -0.0000000000000002 -2)
LINESTRING (-77.29 -29.06999999999999, -77.42 -29.25999999999999, -77.27 -29.309999999999988, -77.29 -29.06999999999999)
LINESTRING (-38.769917 -10.780693999999995, -38.769917 -9.106193999999995)
MULTILINESTRING ((0 0, -1.0000000000000002 -0.9999999999999999), (0 0, -1.0000000000000002 -0.9999999999999999, -2.0000000000000004 -1.9999999999999998))
MULTILINESTRING ((0 0, -1.0000000000000002 -0.9999999999999999), (0 0, -1.0000000000000002 -0.9999999999999999, -2.0000000000000004 -1.9999999999999998))
MULTILINESTRING ((4.999999999999995 -45, -8.000000000000004 -36), (-1.000000000000006 -49, -15.000000000000005 -41))
MULTIPOLYGON (((-40.00000000000001 -39.99999999999999, -20.000000000000007 -45, -45.00000000000001 -29.999999999999993, -40.00000000000001 -39.99999999999999)), ((-20.000000000000004 -35, -10.000000000000004 -30, -10.000000000000002 -9.999999999999998, -30 -4.9999999999999964, -45 -19.999999999999993, -20.000000000000004 -35), (-30.000000000000004 -19.999999999999996, -20.000000000000004 -14.999999999999998, -20.000000000000004 -24.999999999999996, -30.000000000000004 -19.999999999999996)))
POINT (-1.0000000000000009 -8)
MULTIPOINT ((-1.0000000000000002 -0.9999999999999999), (-3.0000000000000004 -3.9999999999999996))
MULTIPOINT ((-3.0000000000000004 -3.9999999999999996))
LINESTRING (-1.0000000000000002 -0.9999999999999999, -1.0000000000000002 -1.9999999999999998, -2.0000000000000004 -2.9999999999999996)
LINESTRING (-1.0000000000000002 -0.9999999999999999, -1.0000000000000002 -1.9999999999999998, -2.0000000000000004 -2.9999999999999996, -1.0000000000000002 -0.9999999999999999)
MULTILINESTRING ((-1.0000000000000002 -0.9999999999999999, -1.0000000000000002 -1.9999999999999998), (-2.0000000000000004 -3.9999999999999996, -1.000000000000001 -9, -1.0000000000000009 -8))
MULTILINESTRING ((-2.0000000000000004 -3.9999999999999996, -1.000000000000001 -9, -1.0000000000000009 -8))
MULTILINESTRING ((-1.0000000000000002 -0.9999999999999999, -3.0000000000000004 -3.9999999999999996, -1.0000000000000002 -0.9999999999999999))
POLYGON ((-1.0000000000000002 -0.9999999999999999, -1.0000000000000002 -1.9999999999999998, -2.0000000000000004 -1.9999999999999998, -2 -0.9999999999999998, -1.0000000000000002 -0.9999999999999999))
POLYGON ((0 0, -0.0000000000000005 -4, -2.0000000000000004 -1.9999999999999998, -4.000000000000001 -3.9999999999999996, -4 0.0000000000000005, 0 0))
POLYGON ((0 0, -0.0000000000000005 -4, -4.000000000000001 -3.9999999999999996, 0 0))
MULTIPOLYGON (((0 0, -0.9999999999999999 1.0000000000000002, -1.0000000000000002 -0.9999999999999999, 1.9999999999999996 -3.0000000000000004, 0 0)))
MULTIPOLYGON (((-1.0000000000000002 -0.9999999999999999, -1.0000000000000002 -1.9999999999999998, -2.0000000000000004 -1.9999999999999998, -2 -0.9999999999999998, -1.0000000000000002 -0.9999999999999999)), ((0 0, -0.9999999999999999 1.0000000000000002, -1.0000000000000002 -0.9999999999999999, 1.9999999999999996 -3.0000000000000004, 0 0)))
