POINT (30 20)
POLYGON ((30 20, 40 80, 20 80, 10 40, 30 20))
POLYGON ((1 4, 3 8, 5 12, 1 4))
POLYGON ((1 2, 3 2, 3 6, 1 6, 1 2))
LINESTRING (1 2, 2 4, 2 7, 1 6, 1 4, 2 2)
LINESTRING (0 0, 0 4)
LINESTRING (77.29 58.14, 77.42 58.52, 77.27 58.62, 77.29 58.14)
LINESTRING (38.769917 21.561388, 38.769917 18.212388)
MULTILINESTRING ((0 0, 1 2), (0 0, 1 2, 2 4))
MULTILINESTRING ((0 0, 1 2), (0 0, 1 2, 2 4))
MULTILINESTRING ((-5 90, 8 72), (1 98, 15 82))
MULTIPOLYGON (((40 80, 20 90, 45 60, 40 80)), ((20 70, 10 60, 10 20, 30 10, 45 40, 20 70), (30 40, 20 30, 20 50, 30 40)))
POINT (1 16)
MULTIPOINT ((1 2), (3 8))
MULTIPOINT ((3 8))
LINESTRING (1 2, 1 4, 2 6)
LINESTRING (1 2, 1 4, 2 6, 1 2)
MULTILINESTRING ((1 2, 1 4), (2 8, 1 18, 1 16))
MULTILINESTRING ((2 8, 1 18, 1 16))
MULTILINESTRING ((1 2, 3 8, 1 2))
POLYGON ((1 2, 1 4, 2 4, 2 2, 1 2))
POLYGON ((0 0, 0 8, 2 4, 4 8, 4 0, 0 0))
POLYGON ((0 0, 0 8, 4 8, 0 0))
MULTIPOLYGON (((0 0, 1 -2, 1 2, -2 6, 0 0)))
MULTIPOLYGON (((1 2, 1 4, 2 4, 2 2, 1 2)), ((0 0, 1 -2, 1 2, -2 6, 0 0)))
